Component: ARM Compiler 5.05 update 1 (build 106) Tool: armlink [4d0efa]

==============================================================================

Section Cross References

    start.o(i.UpStart) refers to start.o(i.UpStart_Init) for UpStart_Init
    start.o(i.UpStart) refers to start.o(i.UpUSART_Num) for UpUSART_Num
    start.o(i.UpStart) refers to start.o(.data) for UpStart_Num
    start.o(i.UpStart_Init) refers to start.o(.bss) for UpStart_InitStructure
    start.o(i.UpStart_Init) refers to start.o(.data) for STB_OFF
    start.o(i.UpUSART_Num) refers to start.o(.data) for UpStart_Num
    start.o(i.UpUSART_Num) refers to start.o(.bss) for UpStartUSART
    usartprintf.o(i.Usart_SendArray) refers to usartprintf.o(i.Usart_SendByte) for Usart_SendByte
    usartprintf.o(i.Usart_SendArray) refers to stm32f10x_usart.o(i.USART_GetFlagStatus) for USART_GetFlagStatus
    usartprintf.o(i.Usart_SendByte) refers to stm32f10x_usart.o(i.USART_SendData) for USART_SendData
    usartprintf.o(i.Usart_SendByte) refers to stm32f10x_usart.o(i.USART_GetFlagStatus) for USART_GetFlagStatus
    usartprintf.o(i.Usart_SendHalfWord) refers to stm32f10x_usart.o(i.USART_SendData) for USART_SendData
    usartprintf.o(i.Usart_SendHalfWord) refers to stm32f10x_usart.o(i.USART_GetFlagStatus) for USART_GetFlagStatus
    usartprintf.o(i.Usart_SendString) refers to usartprintf.o(i.Usart_SendByte) for Usart_SendByte
    usartprintf.o(i.Usart_SendString) refers to stm32f10x_usart.o(i.USART_GetFlagStatus) for USART_GetFlagStatus
    usartprintf.o(i.fgetc) refers to stm32f10x_usart.o(i.USART_GetFlagStatus) for USART_GetFlagStatus
    usartprintf.o(i.fgetc) refers to stm32f10x_usart.o(i.USART_ReceiveData) for USART_ReceiveData
    usartprintf.o(i.fputc) refers to stm32f10x_usart.o(i.USART_SendData) for USART_SendData
    usartprintf.o(i.fputc) refers to stm32f10x_usart.o(i.USART_GetFlagStatus) for USART_GetFlagStatus
    moto.o(i.MOTO_HzGet) refers to delay.o(i.Delay1ms) for Delay1ms
    moto.o(i.MOTO_HzGet) refers to stm32f10x_gpio.o(i.GPIO_ReadInputDataBit) for GPIO_ReadInputDataBit
    moto.o(i.MOTO_HzGet) refers to stm32f10x_it.o(.data) for It_Num
    moto.o(i.MOTO_HzGet) refers to moto.o(.data) for MT_Hz
    moto.o(i.MT_HzGet) refers to stm32f10x_gpio.o(i.GPIO_ReadInputDataBit) for GPIO_ReadInputDataBit
    moto.o(i.MT_HzGet) refers to stm32f10x_it.o(.data) for It_Num
    moto.o(i.MT_HzGet) refers to moto.o(.data) for MT_Hz
    moto.o(i.MT_Reckon) refers to ffltui.o(.text) for __aeabi_ui2f
    moto.o(i.MT_Reckon) refers to fdiv.o(.text) for __aeabi_fdiv
    moto.o(i.MT_Reckon) refers to fmul.o(.text) for __aeabi_fmul
    moto.o(i.MT_Reckon) refers to cfcmple.o(.text) for __aeabi_cfcmple
    moto.o(i.MT_Reckon) refers to fadd.o(.text) for __aeabi_fsub
    moto.o(i.MT_Reckon) refers to ffixui.o(.text) for __aeabi_f2uiz
    moto.o(i.MT_Reckon) refers to moto.o(.data) for MT_Hz
    moto.o(i.MT_Test) refers to stm32f10x_gpio.o(i.GPIO_WriteBit) for GPIO_WriteBit
    moto.o(i.MT_Test) refers to delay.o(i.Delay1ms) for Delay1ms
    moto.o(i.MT_Test) refers to moto.o(i.MT_HzGet) for MT_HzGet
    moto.o(i.MT_Test) refers to moto.o(i.MT_Reckon) for MT_Reckon
    moto.o(i.MT_Test) refers to moto.o(.data) for MT_USART
    delay.o(i.Delay1ms) refers to delay.o(i.Delay1us) for Delay1us
    delay.o(i.SysTick_Delay_1Ms) refers to delay.o(i.SysTick_Config) for SysTick_Config
    delay.o(i.SysTick_Delay_1Ms) refers to system_stm32f10x.o(.data) for SystemCoreClock
    delay.o(i.SysTick_Delay_5Us) refers to delay.o(i.SysTick_Config) for SysTick_Config
    delay.o(i.SysTick_Delay_5Us) refers to system_stm32f10x.o(.data) for SystemCoreClock
    hardware_init.o(i.ADC1Init) refers to stm32f10x_dma.o(i.DMA_DeInit) for DMA_DeInit
    hardware_init.o(i.ADC1Init) refers to stm32f10x_dma.o(i.DMA_Init) for DMA_Init
    hardware_init.o(i.ADC1Init) refers to stm32f10x_dma.o(i.DMA_Cmd) for DMA_Cmd
    hardware_init.o(i.ADC1Init) refers to stm32f10x_adc.o(i.ADC_Init) for ADC_Init
    hardware_init.o(i.ADC1Init) refers to stm32f10x_rcc.o(i.RCC_ADCCLKConfig) for RCC_ADCCLKConfig
    hardware_init.o(i.ADC1Init) refers to stm32f10x_adc.o(i.ADC_RegularChannelConfig) for ADC_RegularChannelConfig
    hardware_init.o(i.ADC1Init) refers to stm32f10x_adc.o(i.ADC_DMACmd) for ADC_DMACmd
    hardware_init.o(i.ADC1Init) refers to stm32f10x_adc.o(i.ADC_Cmd) for ADC_Cmd
    hardware_init.o(i.ADC1Init) refers to stm32f10x_adc.o(i.ADC_ResetCalibration) for ADC_ResetCalibration
    hardware_init.o(i.ADC1Init) refers to stm32f10x_adc.o(i.ADC_GetResetCalibrationStatus) for ADC_GetResetCalibrationStatus
    hardware_init.o(i.ADC1Init) refers to stm32f10x_adc.o(i.ADC_StartCalibration) for ADC_StartCalibration
    hardware_init.o(i.ADC1Init) refers to stm32f10x_adc.o(i.ADC_GetCalibrationStatus) for ADC_GetCalibrationStatus
    hardware_init.o(i.ADC1Init) refers to stm32f10x_adc.o(i.ADC_SoftwareStartConvCmd) for ADC_SoftwareStartConvCmd
[...]
    Removing stm32f10x_rcc.o(i.RCC_RTCCLKCmd), (12 bytes).
    Removing stm32f10x_rcc.o(i.RCC_RTCCLKConfig), (16 bytes).
    Removing stm32f10x_rcc.o(i.RCC_USBCLKConfig), (12 bytes).
    Removing stm32f10x_rcc.o(.data), (20 bytes).
    Removing stm32f10x_rtc.o(i.RTC_ClearFlag), (16 bytes).
    Removing stm32f10x_rtc.o(i.RTC_ClearITPendingBit), (16 bytes).
    Removing stm32f10x_rtc.o(i.RTC_EnterConfigMode), (20 bytes).
    Removing stm32f10x_rtc.o(i.RTC_ExitConfigMode), (20 bytes).
    Removing stm32f10x_rtc.o(i.RTC_GetCounter), (20 bytes).
    Removing stm32f10x_rtc.o(i.RTC_GetDivider), (24 bytes).
    Removing stm32f10x_rtc.o(i.RTC_GetFlagStatus), (24 bytes).
    Removing stm32f10x_rtc.o(i.RTC_GetITStatus), (36 bytes).
    Removing stm32f10x_rtc.o(i.RTC_ITConfig), (32 bytes).
    Removing stm32f10x_rtc.o(i.RTC_SetAlarm), (28 bytes).
    Removing stm32f10x_rtc.o(i.RTC_SetCounter), (28 bytes).
    Removing stm32f10x_rtc.o(i.RTC_SetPrescaler), (32 bytes).
    Removing stm32f10x_rtc.o(i.RTC_WaitForLastTask), (20 bytes).
    Removing stm32f10x_rtc.o(i.RTC_WaitForSynchro), (36 bytes).
    Removing stm32f10x_sdio.o(i.SDIO_CEATAITCmd), (16 bytes).
    Removing stm32f10x_sdio.o(i.SDIO_ClearFlag), (12 bytes).
    Removing stm32f10x_sdio.o(i.SDIO_ClearITPendingBit), (12 bytes).
    Removing stm32f10x_sdio.o(i.SDIO_ClockCmd), (12 bytes).
    Removing stm32f10x_sdio.o(i.SDIO_CmdStructInit), (14 bytes).
    Removing stm32f10x_sdio.o(i.SDIO_CommandCompletionCmd), (12 bytes).
    Removing stm32f10x_sdio.o(i.SDIO_DMACmd), (12 bytes).
    Removing stm32f10x_sdio.o(i.SDIO_DataConfig), (48 bytes).
    Removing stm32f10x_sdio.o(i.SDIO_DataStructInit), (20 bytes).
    Removing stm32f10x_sdio.o(i.SDIO_DeInit), (36 bytes).
    Removing stm32f10x_sdio.o(i.SDIO_GetCommandResponse), (12 bytes).
    Removing stm32f10x_sdio.o(i.SDIO_GetDataCounter), (12 bytes).
    Removing stm32f10x_sdio.o(i.SDIO_GetFIFOCount), (12 bytes).
    Removing stm32f10x_sdio.o(i.SDIO_GetFlagStatus), (24 bytes).
    Removing stm32f10x_sdio.o(i.SDIO_GetITStatus), (24 bytes).
    Removing stm32f10x_sdio.o(i.SDIO_GetPowerState), (16 bytes).
    Removing stm32f10x_sdio.o(i.SDIO_GetResponse), (24 bytes).
    Removing stm32f10x_sdio.o(i.SDIO_ITConfig), (32 bytes).
    Removing stm32f10x_sdio.o(i.SDIO_Init), (48 bytes).
    Removing stm32f10x_sdio.o(i.SDIO_ReadData), (12 bytes).
    Removing stm32f10x_sdio.o(i.SDIO_SendCEATACmd), (12 bytes).
    Removing stm32f10x_sdio.o(i.SDIO_SendCommand), (44 bytes).
    Removing stm32f10x_sdio.o(i.SDIO_SendSDIOSuspendCmd), (12 bytes).
    Removing stm32f10x_sdio.o(i.SDIO_SetPowerState), (28 bytes).
    Removing stm32f10x_sdio.o(i.SDIO_SetSDIOOperation), (12 bytes).
    Removing stm32f10x_sdio.o(i.SDIO_SetSDIOReadWaitMode), (12 bytes).
    Removing stm32f10x_sdio.o(i.SDIO_StartSDIOReadWait), (12 bytes).
    Removing stm32f10x_sdio.o(i.SDIO_StopSDIOReadWait), (12 bytes).
    Removing stm32f10x_sdio.o(i.SDIO_StructInit), (16 bytes).
    Removing stm32f10x_sdio.o(i.SDIO_WriteData), (12 bytes).
    Removing stm32f10x_spi.o(i.I2S_Cmd), (24 bytes).
    Removing stm32f10x_spi.o(i.I2S_Init), (232 bytes).
    Removing stm32f10x_spi.o(i.I2S_StructInit), (20 bytes).
    Removing stm32f10x_spi.o(i.SPI_BiDirectionalLineConfig), (28 bytes).
    Removing stm32f10x_spi.o(i.SPI_CalculateCRC), (24 bytes).
    Removing stm32f10x_spi.o(i.SPI_Cmd), (24 bytes).
    Removing stm32f10x_spi.o(i.SPI_DataSizeConfig), (18 bytes).
    Removing stm32f10x_spi.o(i.SPI_GetCRC), (16 bytes).
    Removing stm32f10x_spi.o(i.SPI_GetCRCPolynomial), (6 bytes).
    Removing stm32f10x_spi.o(i.SPI_I2S_ClearFlag), (6 bytes).
    Removing stm32f10x_spi.o(i.SPI_I2S_ClearITPendingBit), (20 bytes).
    Removing stm32f10x_spi.o(i.SPI_I2S_DMACmd), (18 bytes).
    Removing stm32f10x_spi.o(i.SPI_I2S_DeInit), (88 bytes).
    Removing stm32f10x_spi.o(i.SPI_I2S_GetFlagStatus), (18 bytes).
    Removing stm32f10x_spi.o(i.SPI_I2S_GetITStatus), (52 bytes).
    Removing stm32f10x_spi.o(i.SPI_I2S_ITConfig), (32 bytes).
    Removing stm32f10x_spi.o(i.SPI_I2S_ReceiveData), (6 bytes).
    Removing stm32f10x_spi.o(i.SPI_I2S_SendData), (4 bytes).
    Removing stm32f10x_spi.o(i.SPI_Init), (60 bytes).
    Removing stm32f10x_spi.o(i.SPI_NSSInternalSoftwareConfig), (30 bytes).
    Removing stm32f10x_spi.o(i.SPI_SSOutputCmd), (24 bytes).
    Removing stm32f10x_spi.o(i.SPI_StructInit), (24 bytes).
    Removing stm32f10x_spi.o(i.SPI_TransmitCRC), (10 bytes).
    Removing stm32f10x_tim.o(i.TI1_Config), (128 bytes).
    Removing stm32f10x_tim.o(i.TI2_Config), (152 bytes).
    Removing stm32f10x_tim.o(i.TI3_Config), (144 bytes).
    Removing stm32f10x_tim.o(i.TI4_Config), (152 bytes).
    Removing stm32f10x_tim.o(i.TIM_ARRPreloadConfig), (24 bytes).
    Removing stm32f10x_tim.o(i.TIM_BDTRConfig), (32 bytes).
    Removing stm32f10x_tim.o(i.TIM_BDTRStructInit), (18 bytes).
    Removing stm32f10x_tim.o(i.TIM_CCPreloadControl), (24 bytes).
    Removing stm32f10x_tim.o(i.TIM_CCxCmd), (30 bytes).
    Removing stm32f10x_tim.o(i.TIM_CCxNCmd), (30 bytes).
    Removing stm32f10x_tim.o(i.TIM_ClearOC1Ref), (18 bytes).
    Removing stm32f10x_tim.o(i.TIM_ClearOC2Ref), (24 bytes).
    Removing stm32f10x_tim.o(i.TIM_ClearOC3Ref), (18 bytes).
    Removing stm32f10x_tim.o(i.TIM_ClearOC4Ref), (24 bytes).
    Removing stm32f10x_tim.o(i.TIM_CounterModeConfig), (18 bytes).
    Removing stm32f10x_tim.o(i.TIM_CtrlPWMOutputs), (30 bytes).
    Removing stm32f10x_tim.o(i.TIM_DMACmd), (18 bytes).
    Removing stm32f10x_tim.o(i.TIM_DMAConfig), (10 bytes).
    Removing stm32f10x_tim.o(i.TIM_DeInit), (488 bytes).
    Removing stm32f10x_tim.o(i.TIM_ETRClockMode1Config), (54 bytes).
    Removing stm32f10x_tim.o(i.TIM_ETRClockMode2Config), (32 bytes).
    Removing stm32f10x_tim.o(i.TIM_ETRConfig), (28 bytes).
    Removing stm32f10x_tim.o(i.TIM_EncoderInterfaceConfig), (66 bytes).
    Removing stm32f10x_tim.o(i.TIM_ForcedOC1Config), (18 bytes).
    Removing stm32f10x_tim.o(i.TIM_ForcedOC2Config), (26 bytes).
    Removing stm32f10x_tim.o(i.TIM_ForcedOC3Config), (18 bytes).
    Removing stm32f10x_tim.o(i.TIM_ForcedOC4Config), (26 bytes).
    Removing stm32f10x_tim.o(i.TIM_GenerateEvent), (4 bytes).
    Removing stm32f10x_tim.o(i.TIM_GetCapture1), (6 bytes).
    Removing stm32f10x_tim.o(i.TIM_GetCapture2), (6 bytes).
    Removing stm32f10x_tim.o(i.TIM_GetCapture3), (6 bytes).
    Removing stm32f10x_tim.o(i.TIM_GetCapture4), (8 bytes).
    Removing stm32f10x_tim.o(i.TIM_GetCounter), (6 bytes).
    Removing stm32f10x_tim.o(i.TIM_GetFlagStatus), (18 bytes).
    Removing stm32f10x_tim.o(i.TIM_GetPrescaler), (6 bytes).
    Removing stm32f10x_tim.o(i.TIM_ICInit), (172 bytes).
    Removing stm32f10x_tim.o(i.TIM_ICStructInit), (18 bytes).
    Removing stm32f10x_tim.o(i.TIM_ITRxExternalClockConfig), (24 bytes).
    Removing stm32f10x_tim.o(i.TIM_InternalClockConfig), (12 bytes).
    Removing stm32f10x_tim.o(i.TIM_OC1FastConfig), (18 bytes).
    Removing stm32f10x_tim.o(i.TIM_OC1Init), (152 bytes).
    Removing stm32f10x_tim.o(i.TIM_OC1NPolarityConfig), (18 bytes).
    Removing stm32f10x_tim.o(i.TIM_OC1PolarityConfig), (18 bytes).
    Removing stm32f10x_tim.o(i.TIM_OC1PreloadConfig), (18 bytes).
    Removing stm32f10x_tim.o(i.TIM_OC2FastConfig), (26 bytes).
    Removing stm32f10x_tim.o(i.TIM_OC2Init), (164 bytes).
    Removing stm32f10x_tim.o(i.TIM_OC2NPolarityConfig), (26 bytes).
    Removing stm32f10x_tim.o(i.TIM_OC2PolarityConfig), (26 bytes).
    Removing stm32f10x_tim.o(i.TIM_OC2PreloadConfig), (26 bytes).
    Removing stm32f10x_tim.o(i.TIM_OC3FastConfig), (18 bytes).
    Removing stm32f10x_tim.o(i.TIM_OC3Init), (160 bytes).
    Removing stm32f10x_tim.o(i.TIM_OC3NPolarityConfig), (26 bytes).
    Removing stm32f10x_tim.o(i.TIM_OC3PolarityConfig), (26 bytes).
    Removing stm32f10x_tim.o(i.TIM_OC3PreloadConfig), (18 bytes).
    Removing stm32f10x_tim.o(i.TIM_OC4FastConfig), (26 bytes).
    Removing stm32f10x_tim.o(i.TIM_OC4Init), (124 bytes).
    Removing stm32f10x_tim.o(i.TIM_OC4PolarityConfig), (26 bytes).
    Removing stm32f10x_tim.o(i.TIM_OC4PreloadConfig), (26 bytes).
    Removing stm32f10x_tim.o(i.TIM_OCStructInit), (20 bytes).
    Removing stm32f10x_tim.o(i.TIM_PWMIConfig), (124 bytes).
    Removing stm32f10x_tim.o(i.TIM_PrescalerConfig), (6 bytes).
    Removing stm32f10x_tim.o(i.TIM_SelectCCDMA), (24 bytes).
    Removing stm32f10x_tim.o(i.TIM_SelectCOM), (24 bytes).
    Removing stm32f10x_tim.o(i.TIM_SelectHallSensor), (24 bytes).
    Removing stm32f10x_tim.o(i.TIM_SelectInputTrigger), (18 bytes).
    Removing stm32f10x_tim.o(i.TIM_SelectMasterSlaveMode), (18 bytes).
    Removing stm32f10x_tim.o(i.TIM_SelectOCxM), (82 bytes).
    Removing stm32f10x_tim.o(i.TIM_SelectOnePulseMode), (18 bytes).
    Removing stm32f10x_tim.o(i.TIM_SelectOutputTrigger), (18 bytes).
    Removing stm32f10x_tim.o(i.TIM_SelectSlaveMode), (18 bytes).
    Removing stm32f10x_tim.o(i.TIM_SetAutoreload), (4 bytes).
    Removing stm32f10x_tim.o(i.TIM_SetClockDivision), (18 bytes).
    Removing stm32f10x_tim.o(i.TIM_SetCompare1), (4 bytes).
    Removing stm32f10x_tim.o(i.TIM_SetCompare2), (4 bytes).
    Removing stm32f10x_tim.o(i.TIM_SetCompare3), (4 bytes).
    Removing stm32f10x_tim.o(i.TIM_SetCompare4), (6 bytes).
    Removing stm32f10x_tim.o(i.TIM_SetCounter), (4 bytes).
    Removing stm32f10x_tim.o(i.TIM_SetIC1Prescaler), (18 bytes).
    Removing stm32f10x_tim.o(i.TIM_SetIC2Prescaler), (26 bytes).
    Removing stm32f10x_tim.o(i.TIM_SetIC3Prescaler), (18 bytes).
    Removing stm32f10x_tim.o(i.TIM_SetIC4Prescaler), (26 bytes).
    Removing stm32f10x_tim.o(i.TIM_TIxExternalClockConfig), (62 bytes).
    Removing stm32f10x_tim.o(i.TIM_TimeBaseStructInit), (18 bytes).
    Removing stm32f10x_tim.o(i.TIM_UpdateDisableConfig), (24 bytes).
    Removing stm32f10x_tim.o(i.TIM_UpdateRequestConfig), (24 bytes).
    Removing stm32f10x_usart.o(i.USART_ClearFlag), (18 bytes).
    Removing stm32f10x_usart.o(i.USART_ClockInit), (34 bytes).
    Removing stm32f10x_usart.o(i.USART_ClockStructInit), (12 bytes).
    Removing stm32f10x_usart.o(i.USART_Cmd), (24 bytes).
    Removing stm32f10x_usart.o(i.USART_DMACmd), (18 bytes).
    Removing stm32f10x_usart.o(i.USART_DeInit), (156 bytes).
    Removing stm32f10x_usart.o(i.USART_GetFlagStatus), (26 bytes).
    Removing stm32f10x_usart.o(i.USART_HalfDuplexCmd), (24 bytes).
    Removing stm32f10x_usart.o(i.USART_ITConfig), (74 bytes).
    Removing stm32f10x_usart.o(i.USART_Init), (216 bytes).
    Removing stm32f10x_usart.o(i.USART_IrDACmd), (24 bytes).
    Removing stm32f10x_usart.o(i.USART_IrDAConfig), (18 bytes).
    Removing stm32f10x_usart.o(i.USART_LINBreakDetectLengthConfig), (18 bytes).
    Removing stm32f10x_usart.o(i.USART_LINCmd), (24 bytes).
    Removing stm32f10x_usart.o(i.USART_OneBitMethodCmd), (24 bytes).
    Removing stm32f10x_usart.o(i.USART_OverSampling8Cmd), (22 bytes).
    Removing stm32f10x_usart.o(i.USART_ReceiverWakeUpCmd), (24 bytes).
    Removing stm32f10x_usart.o(i.USART_SendBreak), (10 bytes).
    Removing stm32f10x_usart.o(i.USART_SetAddress), (18 bytes).
    Removing stm32f10x_usart.o(i.USART_SetGuardTime), (16 bytes).
    Removing stm32f10x_usart.o(i.USART_SetPrescaler), (16 bytes).
    Removing stm32f10x_usart.o(i.USART_SmartCardCmd), (24 bytes).
    Removing stm32f10x_usart.o(i.USART_SmartCardNACKCmd), (24 bytes).
    Removing stm32f10x_usart.o(i.USART_StructInit), (24 bytes).
    Removing stm32f10x_usart.o(i.USART_WakeUpConfig), (18 bytes).
    Removing stm32f10x_wwdg.o(i.WWDG_ClearFlag), (12 bytes).
    Removing stm32f10x_wwdg.o(i.WWDG_DeInit), (22 bytes).
    Removing stm32f10x_wwdg.o(i.WWDG_Enable), (16 bytes).
    Removing stm32f10x_wwdg.o(i.WWDG_EnableIT), (12 bytes).
    Removing stm32f10x_wwdg.o(i.WWDG_GetFlagStatus), (12 bytes).
    Removing stm32f10x_wwdg.o(i.WWDG_SetCounter), (16 bytes).
    Removing stm32f10x_wwdg.o(i.WWDG_SetPrescaler), (24 bytes).
    Removing stm32f10x_wwdg.o(i.WWDG_SetWindowValue), (40 bytes).
    Removing system_stm32f10x.o(i.SystemCoreClockUpdate), (164 bytes).
    Removing system_stm32f10x.o(.data), (20 bytes).
    Removing startup_stm32f10x_xl.o(HEAP), (512 bytes).
    Removing main.o(.constdata), (6144 bytes).

471 unused section(s) (total 35584 bytes) removed from the image.

==============================================================================

Image Symbol Table

    Local Symbols

    Symbol Name                              Value     Ov Type        Size  Object(Section)

    ../clib/microlib/errno.c                 0x00000000   Number         0  errno.o ABSOLUTE
    ../clib/microlib/init/entry.s            0x00000000   Number         0  entry8b.o ABSOLUTE
    ../clib/microlib/init/entry.s            0x00000000   Number         0  entry10a.o ABSOLUTE
    ../clib/microlib/init/entry.s            0x00000000   Number         0  entry9b.o ABSOLUTE
    ../clib/microlib/init/entry.s            0x00000000   Number         0  entry10b.o ABSOLUTE
    ../clib/microlib/init/entry.s            0x00000000   Number         0  entry9a.o ABSOLUTE
    ../clib/microlib/init/entry.s            0x00000000   Number         0  entry8a.o ABSOLUTE
    ../clib/microlib/init/entry.s            0x00000000   Number         0  entry7b.o ABSOLUTE
    ../clib/microlib/init/entry.s            0x00000000   Number         0  entry7a.o ABSOLUTE
    ../clib/microlib/init/entry.s            0x00000000   Number         0  entry5.o ABSOLUTE
    ../clib/microlib/init/entry.s            0x00000000   Number         0  entry.o ABSOLUTE
    ../clib/microlib/init/entry.s            0x00000000   Number         0  entry2.o ABSOLUTE
    ../clib/microlib/init/entry.s            0x00000000   Number         0  entry11b.o ABSOLUTE
    ../clib/microlib/init/entry.s            0x00000000   Number         0  entry11a.o ABSOLUTE
    ../clib/microlib/longlong.c              0x00000000   Number         0  llsshr.o ABSOLUTE
    ../clib/microlib/longlong.c              0x00000000   Number         0  llshl.o ABSOLUTE
    ../clib/microlib/longlong.c              0x00000000   Number         0  llushr.o ABSOLUTE
    ../clib/microlib/string/memset.c         0x00000000   Number         0  memseta.o ABSOLUTE
    ../clib/microlib/string/strcpy.c         0x00000000   Number         0  strcpy.o ABSOLUTE
    ../clib/microlib/string/strlen.c         0x00000000   Number         0  strlen.o ABSOLUTE
    ../clib/microlib/stubs.s                 0x00000000   Number         0  iusefp.o ABSOLUTE
    ../fplib/microlib/d2f.c                  0x00000000   Number         0  d2f.o ABSOLUTE
    ../fplib/microlib/f2d.c                  0x00000000   Number         0  f2d.o ABSOLUTE
    ../fplib/microlib/fpadd.c                0x00000000   Number         0  fadd.o ABSOLUTE
    ../fplib/microlib/fpadd.c                0x00000000   Number         0  dadd.o ABSOLUTE
    ../fplib/microlib/fpdiv.c                0x00000000   Number         0  fdiv.o ABSOLUTE
    ../fplib/microlib/fpdiv.c                0x00000000   Number         0  ddiv.o ABSOLUTE
    ../fplib/microlib/fpepilogue.c           0x00000000   Number         0  fepilogue.o ABSOLUTE
    ../fplib/microlib/fpepilogue.c           0x00000000   Number         0  depilogue.o ABSOLUTE
    ../fplib/microlib/fpfix.c                0x00000000   Number         0  ffixui.o ABSOLUTE
    ../fplib/microlib/fpfix.c                0x00000000   Number         0  dfixui.o ABSOLUTE
    ../fplib/microlib/fpflt.c                0x00000000   Number         0  dflti.o ABSOLUTE
    ../fplib/microlib/fpflt.c                0x00000000   Number         0  ffltui.o ABSOLUTE
    ../fplib/microlib/fpmul.c                0x00000000   Number         0  fmul.o ABSOLUTE
    ../fplib/microlib/fpmul.c                0x00000000   Number         0  dmul.o ABSOLUTE
    ../fplib/microlib/fpscalb.c              0x00000000   Number         0  dscalb.o ABSOLUTE
    ../mathlib/dunder.c                      0x00000000   Number         0  dunder.o ABSOLUTE
    ../mathlib/log.c                         0x00000000   Number         0  log_x.o ABSOLUTE
    ../mathlib/log.c                         0x00000000   Number         0  log.o ABSOLUTE
    ../mathlib/poly.c                        0x00000000   Number         0  poly.o ABSOLUTE
    ../mathlib/qnan.c                        0x00000000   Number         0  qnan.o ABSOLUTE
    ..\App\Arr_C_M\Cap.c                     0x00000000   Number         0  cap.o ABSOLUTE
    ..\App\Arr_C_M\MOTO.c                    0x00000000   Number         0  moto.o ABSOLUTE
    ..\App\Detection\Detect_ADC.c            0x00000000   Number         0  detect_adc.o ABSOLUTE
    ..\App\Extra\BEEP_LED.c                  0x00000000   Number         0  beep_led.o ABSOLUTE
    ..\App\Extra\Delay.c                     0x00000000   Number         0  delay.o ABSOLUTE
    ..\App\OLED\OLED.c                       0x00000000   Number         0  oled.o ABSOLUTE
    ..\App\OLED\OLED_Print.c                 0x00000000   Number         0  oled_print.o ABSOLUTE
    ..\App\OLED\zk.c                         0x00000000   Number         0  zk.o ABSOLUTE
    ..\App\Start\Hardware_Init.c             0x00000000   Number         0  hardware_init.o ABSOLUTE
    ..\App\Start\Start.c                     0x00000000   Number         0  start.o ABSOLUTE
    ..\App\TPG\TPG.c                         0x00000000   Number         0  tpg.o ABSOLUTE
    ..\App\USART\UsartPrintf.c               0x00000000   Number         0  usartprintf.o ABSOLUTE
    ..\App\it\stm32f10x_it.c                 0x00000000   Number         0  stm32f10x_it.o ABSOLUTE
    ..\CMSIS\core_cm3.c                      0x00000000   Number         0  core_cm3.o ABSOLUTE
    ..\CMSIS\src\misc.c                      0x00000000   Number         0  misc.o ABSOLUTE
    ..\CMSIS\src\stm32f10x_adc.c             0x00000000   Number         0  stm32f10x_adc.o ABSOLUTE
    ..\CMSIS\src\stm32f10x_bkp.c             0x00000000   Number         0  stm32f10x_bkp.o ABSOLUTE
    ..\CMSIS\src\stm32f10x_can.c             0x00000000   Number         0  stm32f10x_can.o ABSOLUTE
    ..\CMSIS\src\stm32f10x_cec.c             0x00000000   Number         0  stm32f10x_cec.o ABSOLUTE
    ..\CMSIS\src\stm32f10x_crc.c             0x00000000   Number         0  stm32f10x_crc.o ABSOLUTE
    ..\CMSIS\src\stm32f10x_dac.c             0x00000000   Number         0  stm32f10x_dac.o ABSOLUTE
    ..\CMSIS\src\stm32f10x_dbgmcu.c          0x00000000   Number         0  stm32f10x_dbgmcu.o ABSOLUTE
    ..\CMSIS\src\stm32f10x_dma.c             0x00000000   Number         0  stm32f10x_dma.o ABSOLUTE
    ..\CMSIS\src\stm32f10x_exti.c            0x00000000   Number         0  stm32f10x_exti.o ABSOLUTE
    ..\CMSIS\src\stm32f10x_flash.c           0x00000000   Number         0  stm32f10x_flash.o ABSOLUTE
    ..\CMSIS\src\stm32f10x_fsmc.c            0x00000000   Number         0  stm32f10x_fsmc.o ABSOLUTE
    ..\CMSIS\src\stm32f10x_gpio.c            0x00000000   Number         0  stm32f10x_gpio.o ABSOLUTE
    ..\CMSIS\src\stm32f10x_i2c.c             0x00000000   Number         0  stm32f10x_i2c.o ABSOLUTE
    ..\CMSIS\src\stm32f10x_iwdg.c            0x00000000   Number         0  stm32f10x_iwdg.o ABSOLUTE
    ..\CMSIS\src\stm32f10x_pwr.c             0x00000000   Number         0  stm32f10x_pwr.o ABSOLUTE
    ..\CMSIS\src\stm32f10x_rcc.c             0x00000000   Number         0  stm32f10x_rcc.o ABSOLUTE
    ..\CMSIS\src\stm32f10x_rtc.c             0x00000000   Number         0  stm32f10x_rtc.o ABSOLUTE
    ..\CMSIS\src\stm32f10x_sdio.c            0x00000000   Number         0  stm32f10x_sdio.o ABSOLUTE
    ..\CMSIS\src\stm32f10x_spi.c             0x00000000   Number         0  stm32f10x_spi.o ABSOLUTE
    ..\CMSIS\src\stm32f10x_tim.c             0x00000000   Number         0  stm32f10x_tim.o ABSOLUTE
    ..\CMSIS\src\stm32f10x_usart.c           0x00000000   Number         0  stm32f10x_usart.o ABSOLUTE
    ..\CMSIS\src\stm32f10x_wwdg.c            0x00000000   Number         0  stm32f10x_wwdg.o ABSOLUTE
    ..\StartUp\startup_stm32f10x_xl.s        0x00000000   Number         0  startup_stm32f10x_xl.o ABSOLUTE
    ..\StartUp\system_stm32f10x.c            0x00000000   Number         0  system_stm32f10x.o ABSOLUTE
    ..\\CMSIS\\core_cm3.c                    0x00000000   Number         0  core_cm3.o ABSOLUTE
    Main\main.c                              0x00000000   Number         0  main.o ABSOLUTE
    cdcmple.s                                0x00000000   Number         0  cdcmple.o ABSOLUTE
    cfcmple.s                                0x00000000   Number         0  cfcmple.o ABSOLUTE
    cfrcmple.s                               0x00000000   Number         0  cfrcmple.o ABSOLUTE
    dc.s                                     0x00000000   Number         0  dc.o ABSOLUTE
    handlers.s                               0x00000000   Number         0  handlers.o ABSOLUTE
    init.s                                   0x00000000   Number         0  init.o ABSOLUTE
    RESET                                    0x08000000   Section      304  startup_stm32f10x_xl.o(RESET)
    .ARM.Collect$$$$00000000                 0x08000130   Section        0  entry.o(.ARM.Collect$$$$00000000)
    .ARM.Collect$$$$00000001                 0x08000130   Section        4  entry2.o(.ARM.Collect$$$$00000001)
    .ARM.Collect$$$$00000004                 0x08000134   Section        4  entry5.o(.ARM.Collect$$$$00000004)
    .ARM.Collect$$$$00000008                 0x08000138   Section        0  entry7b.o(.ARM.Collect$$$$00000008)
    .ARM.Collect$$$$0000000A                 0x08000138   Section        0  entry8b.o(.ARM.Collect$$$$0000000A)
    .ARM.Collect$$$$0000000B                 0x08000138   Section        8  entry9a.o(.ARM.Collect$$$$0000000B)
    .ARM.Collect$$$$0000000D                 0x08000140   Section        0  entry10a.o(.ARM.Collect$$$$0000000D)
    .ARM.Collect$$$$0000000F                 0x08000140   Section        0  entry11a.o(.ARM.Collect$$$$0000000F)
    .ARM.Collect$$$$00002712                 0x08000140   Section        4  entry2.o(.ARM.Collect$$$$00002712)
    __lit__00000000                          0x08000140   Data           4  entry2.o(.ARM.Collect$$$$00002712)
    .text                                    0x08000144   Section       36  startup_stm32f10x_xl.o(.text)
    .text                                    0x08000168   Section        0  memseta.o(.text)
    .text                                    0x0800018c   Section        0  strlen.o(.text)
    .text                                    0x0800019a   Section        0  strcpy.o(.text)
    .text                                    0x080001ac   Section        0  fadd.o(.text)
    .text                                    0x0800025c   Section        0  fmul.o(.text)
    .text                                    0x080002c0   Section        0  fdiv.o(.text)
    .text                                    0x0800033c   Section        0  dmul.o(.text)
    .text                                    0x08000420   Section        0  ffltui.o(.text)
    .text                                    0x0800042a   Section        0  ffixui.o(.text)
    .text                                    0x08000452   Section        0  dfixui.o(.text)
    .text                                    0x08000484   Section        0  f2d.o(.text)
    .text                                    0x080004aa   Section        0  d2f.o(.text)
    .text                                    0x080004e4   Section       20  cfcmple.o(.text)
    .text                                    0x080004f8   Section       20  cfrcmple.o(.text)
    .text                                    0x0800050c   Section        0  llushr.o(.text)
    .text                                    0x0800052c   Section        0  fepilogue.o(.text)
    .text                                    0x0800052c   Section        0  iusefp.o(.text)
    .text                                    0x0800059a   Section        0  depilogue.o(.text)
    .text                                    0x08000654   Section        0  dadd.o(.text)
    .text                                    0x080007a2   Section        0  ddiv.o(.text)
    .text                                    0x08000880   Section        0  dscalb.o(.text)
    .text                                    0x080008ae   Section        0  dflti.o(.text)
    .text                                    0x080008d0   Section       48  cdcmple.o(.text)
    .text                                    0x08000900   Section       36  init.o(.text)
    .text                                    0x08000924   Section        0  llshl.o(.text)
    .text                                    0x08000942   Section        0  llsshr.o(.text)
    i.ADC1Init                               0x08000968   Section        0  hardware_init.o(i.ADC1Init)
    ADC1Init                                 0x08000969   Thumb Code   238  hardware_init.o(i.ADC1Init)
    i.ADC_Cmd                                0x08000a64   Section        0  stm32f10x_adc.o(i.ADC_Cmd)
    i.ADC_DMACmd                             0x08000a7a   Section        0  stm32f10x_adc.o(i.ADC_DMACmd)
    i.ADC_GetCalibrationStatus               0x08000a90   Section        0  stm32f10x_adc.o(i.ADC_GetCalibrationStatus)
    i.ADC_GetResetCalibrationStatus          0x08000aa4   Section        0  stm32f10x_adc.o(i.ADC_GetResetCalibrationStatus)
    i.ADC_Init                               0x08000ab8   Section        0  stm32f10x_adc.o(i.ADC_Init)
    i.ADC_RegularChannelConfig               0x08000b08   Section        0  stm32f10x_adc.o(i.ADC_RegularChannelConfig)
    i.ADC_ResetCalibration                   0x08000bc0   Section        0  stm32f10x_adc.o(i.ADC_ResetCalibration)
    i.ADC_SoftwareStartConvCmd               0x08000bca   Section        0  stm32f10x_adc.o(i.ADC_SoftwareStartConvCmd)
    i.ADC_StartCalibration                   0x08000be0   Section        0  stm32f10x_adc.o(i.ADC_StartCalibration)
    i.BEEP_Di                                0x08000bec   Section        0  beep_led.o(i.BEEP_Di)
    i.BusFault_Handler                       0x08000c68   Section        0  stm32f10x_it.o(i.BusFault_Handler)
    i.Cap_HzGet                              0x08000c6c   Section        0  cap.o(i.Cap_HzGet)
    i.Cap_Reckon                             0x08000cfc   Section        0  cap.o(i.Cap_Reckon)
    i.Cap_Test                               0x08000e00   Section        0  cap.o(i.Cap_Test)
    i.DMA_Cmd                                0x08000e50   Section        0  stm32f10x_dma.o(i.DMA_Cmd)
    i.DMA_DeInit                             0x08000e68   Section        0  stm32f10x_dma.o(i.DMA_DeInit)
    i.DMA_Init                               0x08000fb4   Section        0  stm32f10x_dma.o(i.DMA_Init)
    i.DebugMon_Handler                       0x08000ff0   Section        0  stm32f10x_it.o(i.DebugMon_Handler)
    i.Delay1ms                               0x08000ff2   Section        0  delay.o(i.Delay1ms)
    i.Delay1us                               0x0800100a   Section        0  delay.o(i.Delay1us)
    i.Display_Arial_String                   0x08001024   Section        0  zk.o(i.Display_Arial_String)
    i.Display_Arial_TimesNewRoman            0x080010f4   Section        0  zk.o(i.Display_Arial_TimesNewRoman)
    i.Display_GB2312                         0x080011bc   Section        0  zk.o(i.Display_GB2312)
    i.Display_GB2312_String                  0x0800126c   Section        0  zk.o(i.Display_GB2312_String)
    i.GPIOInit                               0x08001398   Section        0  hardware_init.o(i.GPIOInit)
    i.GPIO_Init                              0x08001598   Section        0  stm32f10x_gpio.o(i.GPIO_Init)
    i.GPIO_PinRemapConfig                    0x080016b0   Section        0  stm32f10x_gpio.o(i.GPIO_PinRemapConfig)
    i.GPIO_ReadInputDataBit                  0x08001740   Section        0  stm32f10x_gpio.o(i.GPIO_ReadInputDataBit)
    i.GPIO_ResetBits                         0x08001752   Section        0  stm32f10x_gpio.o(i.GPIO_ResetBits)
    i.GPIO_SetBits                           0x08001756   Section        0  stm32f10x_gpio.o(i.GPIO_SetBits)
    i.GPIO_WriteBit                          0x0800175a   Section        0  stm32f10x_gpio.o(i.GPIO_WriteBit)
    i.HardFault_Handler                      0x08001764   Section        0  stm32f10x_it.o(i.HardFault_Handler)
    i.IO_Init                                0x08001768   Section        0  hardware_init.o(i.IO_Init)
    i.InitHardWare                           0x080017e0   Section        0  hardware_init.o(i.InitHardWare)
    i.Key1                                   0x080017fc   Section        0  beep_led.o(i.Key1)
    i.LCD_Address_Set                        0x08001834   Section        0  oled.o(i.LCD_Address_Set)
    i.LCD_DataClear                          0x08001870   Section        0  oled_print.o(i.LCD_DataClear)
    i.LCD_DrawPoint                          0x080019b4   Section        0  oled.o(i.LCD_DrawPoint)
    i.LCD_Fill                               0x080019d0   Section        0  oled.o(i.LCD_Fill)
    i.LCD_ShowChar                           0x08001a1c   Section        0  oled.o(i.LCD_ShowChar)
    i.LCD_ShowIntNum                         0x08001b40   Section        0  oled.o(i.LCD_ShowIntNum)
    i.LCD_Variable                           0x08001bd8   Section        0  oled_print.o(i.LCD_Variable)
    i.LCD_WR_DATA                            0x08001c1c   Section        0  oled.o(i.LCD_WR_DATA)
    i.LCD_WR_REG                             0x08001c30   Section        0  oled.o(i.LCD_WR_REG)
    i.LCD_Writ_Bus                           0x08001c50   Section        0  oled.o(i.LCD_Writ_Bus)
    i.MOTO_HzGet                             0x08001cac   Section        0  moto.o(i.MOTO_HzGet)
    i.MT_HzGet                               0x08001d24   Section        0  moto.o(i.MT_HzGet)
    i.MT_Reckon                              0x08001d84   Section        0  moto.o(i.MT_Reckon)
    i.MT_Test                                0x08001e84   Section        0  moto.o(i.MT_Test)
    i.MemManage_Handler                      0x08001f50   Section        0  stm32f10x_it.o(i.MemManage_Handler)
    i.NMI_Handler                            0x08001f54   Section        0  stm32f10x_it.o(i.NMI_Handler)
    i.NVICInit                               0x08001f56   Section        0  hardware_init.o(i.NVICInit)
    i.NVIC_Init                              0x08001f98   Section        0  misc.o(i.NVIC_Init)
    i.NVIC_PriorityGroupConfig               0x08002008   Section        0  misc.o(i.NVIC_PriorityGroupConfig)
    i.PendSV_Handler                         0x0800201c   Section        0  stm32f10x_it.o(i.PendSV_Handler)
    i.RAY_Test                               0x08002020   Section        0  detect_adc.o(i.RAY_Test)
    i.RCCInit                                0x080020c4   Section        0  hardware_init.o(i.RCCInit)
    RCCInit                                  0x080020c5   Thumb Code   124  hardware_init.o(i.RCCInit)
    i.RCC_ADCCLKConfig                       0x08002148   Section        0  stm32f10x_rcc.o(i.RCC_ADCCLKConfig)
    i.RCC_AHBPeriphClockCmd                  0x08002160   Section        0  stm32f10x_rcc.o(i.RCC_AHBPeriphClockCmd)
    i.RCC_APB1PeriphClockCmd                 0x08002180   Section        0  stm32f10x_rcc.o(i.RCC_APB1PeriphClockCmd)
    i.RCC_APB2PeriphClockCmd                 0x080021a0   Section        0  stm32f10x_rcc.o(i.RCC_APB2PeriphClockCmd)
    i.RCC_DeInit                             0x080021c0   Section        0  stm32f10x_rcc.o(i.RCC_DeInit)
    i.RCC_GetFlagStatus                      0x0800220c   Section        0  stm32f10x_rcc.o(i.RCC_GetFlagStatus)
    i.RCC_GetSYSCLKSource                    0x08002248   Section        0  stm32f10x_rcc.o(i.RCC_GetSYSCLKSource)
    i.RCC_HCLKConfig                         0x08002258   Section        0  stm32f10x_rcc.o(i.RCC_HCLKConfig)
    i.RCC_HSEConfig                          0x08002270   Section        0  stm32f10x_rcc.o(i.RCC_HSEConfig)
    i.RCC_PCLK1Config                        0x080022bc   Section        0  stm32f10x_rcc.o(i.RCC_PCLK1Config)
    i.RCC_PCLK2Config                        0x080022d4   Section        0  stm32f10x_rcc.o(i.RCC_PCLK2Config)
    i.RCC_PLLCmd                             0x080022ec   Section        0  stm32f10x_rcc.o(i.RCC_PLLCmd)
    i.RCC_PLLConfig                          0x080022f8   Section        0  stm32f10x_rcc.o(i.RCC_PLLConfig)
    i.RCC_SYSCLKConfig                       0x08002314   Section        0  stm32f10x_rcc.o(i.RCC_SYSCLKConfig)
    i.RCC_WaitForHSEStartUp                  0x0800232c   Section        0  stm32f10x_rcc.o(i.RCC_WaitForHSEStartUp)
    i.SVC_Handler                            0x08002364   Section        0  stm32f10x_it.o(i.SVC_Handler)
    i.SetSysClock                            0x08002366   Section        0  system_stm32f10x.o(i.SetSysClock)
    SetSysClock                              0x08002367   Thumb Code     8  system_stm32f10x.o(i.SetSysClock)
    i.SetSysClockTo56                        0x08002370   Section        0  system_stm32f10x.o(i.SetSysClockTo56)
    SetSysClockTo56                          0x08002371   Thumb Code   214  system_stm32f10x.o(i.SetSysClockTo56)
    i.ShowNum                                0x08002450   Section        0  main.o(i.ShowNum)
    i.SysTick_Handler                        0x080024fc   Section        0  stm32f10x_it.o(i.SysTick_Handler)
    i.SystemInit                             0x08002500   Section        0  system_stm32f10x.o(i.SystemInit)
    i.TIM3_IRQHandler                        0x08002560   Section        0  stm32f10x_it.o(i.TIM3_IRQHandler)
    i.TIM_ClearFlag                          0x08002778   Section        0  stm32f10x_tim.o(i.TIM_ClearFlag)
    i.TIM_ClearITPendingBit                  0x0800277e   Section        0  stm32f10x_tim.o(i.TIM_ClearITPendingBit)
    i.TIM_Cmd                                0x08002784   Section        0  stm32f10x_tim.o(i.TIM_Cmd)
    i.TIM_GetITStatus                        0x0800279c   Section        0  stm32f10x_tim.o(i.TIM_GetITStatus)
    i.TIM_ITConfig                           0x080027be   Section        0  stm32f10x_tim.o(i.TIM_ITConfig)
    i.TIM_TimeBaseInit                       0x080027d0   Section        0  stm32f10x_tim.o(i.TIM_TimeBaseInit)
    i.TM_Test                                0x08002874   Section        0  detect_adc.o(i.TM_Test)
    i.TPH_Column                             0x0800292c   Section        0  tpg.o(i.TPH_Column)
    i.TPH_Esc                                0x08002944   Section        0  tpg.o(i.TPH_Esc)
    i.TPH_Loop1                              0x080029a8   Section        0  tpg.o(i.TPH_Loop1)
    i.TPH_Loop2                              0x08002a34   Section        0  tpg.o(i.TPH_Loop2)
    i.TPH_Loop3                              0x08002ac4   Section        0  tpg.o(i.TPH_Loop3)
    i.TPH_Print1                             0x08002b50   Section        0  tpg.o(i.TPH_Print1)
    i.TPH_PrintChar                          0x08002b98   Section        0  tpg.o(i.TPH_PrintChar)
    i.TPH_PrintNum                           0x08002c40   Section        0  tpg.o(i.TPH_PrintNum)
    i.TPH_PrintString                        0x08002c54   Section        0  tpg.o(i.TPH_PrintString)
    i.TPH_Printinit                          0x08002d88   Section        0  tpg.o(i.TPH_Printinit)
    i.TPH_Space                              0x08002dfc   Section        0  tpg.o(i.TPH_Space)
    i.TPH_WR_Byte                            0x08002e14   Section        0  tpg.o(i.TPH_WR_Byte)
    i.Timer3Init                             0x08002e50   Section        0  hardware_init.o(i.Timer3Init)
    i.USART1_IRQHandler                      0x08002e94   Section        0  stm32f10x_it.o(i.USART1_IRQHandler)
    i.USART3_IRQHandler                      0x08002ec4   Section        0  stm32f10x_it.o(i.USART3_IRQHandler)
    i.USART_ClearITPendingBit                0x08002ef4   Section        0  stm32f10x_usart.o(i.USART_ClearITPendingBit)
    i.USART_GetITStatus                      0x08002f12   Section        0  stm32f10x_usart.o(i.USART_GetITStatus)
    i.USART_ReceiveData                      0x08002f66   Section        0  stm32f10x_usart.o(i.USART_ReceiveData)
    i.USART_SendData                         0x08002f70   Section        0  stm32f10x_usart.o(i.USART_SendData)
    i.UpStart                                0x08002f78   Section        0  start.o(i.UpStart)
    i.UpStart_Init                           0x08002f8c   Section        0  start.o(i.UpStart_Init)
    i.UpUSART_Num                            0x08002ff4   Section        0  start.o(i.UpUSART_Num)
    i.UsageFault_Handler                     0x08003054   Section        0  stm32f10x_it.o(i.UsageFault_Handler)
    i.VH_Test                                0x08003058   Section        0  detect_adc.o(i.VH_Test)
    i.ZK_command                             0x080030f8   Section        0  zk.o(i.ZK_command)
    i.__kernel_poly                          0x08003140   Section        0  poly.o(i.__kernel_poly)
    i.__mathlib_dbl_divzero                  0x080031ec   Section        0  dunder.o(i.__mathlib_dbl_divzero)
    i.__mathlib_dbl_infnan                   0x080031fc   Section        0  dunder.o(i.__mathlib_dbl_infnan)
    i.__mathlib_dbl_invalid                  0x08003202   Section        0  dunder.o(i.__mathlib_dbl_invalid)
    i.__scatterload_copy                     0x0800320e   Section       14  handlers.o(i.__scatterload_copy)
    i.__scatterload_null                     0x0800321c   Section        2  handlers.o(i.__scatterload_null)
    i.__scatterload_zeroinit                 0x0800321e   Section       14  handlers.o(i.__scatterload_zeroinit)
    i.__set_errno                            0x0800322c   Section        0  errno.o(i.__set_errno)
    i.get_data_from_ROM                      0x08003238   Section        0  zk.o(i.get_data_from_ROM)
    i.get_n_bytes_data_from_ROM              0x08003278   Section        0  zk.o(i.get_n_bytes_data_from_ROM)
    i.log                                    0x080032d0   Section        0  log.o(i.log)
    i.main                                   0x0800362c   Section        0  main.o(i.main)
    i.mypow                                  0x08003a24   Section        0  oled.o(i.mypow)
    i.num_pow                                0x08003a3a   Section        0  main.o(i.num_pow)
    .constdata                               0x08003a50   Section     6144  tpg.o(.constdata)
    TPH_F8X16                                0x08003a50   Data        1536  tpg.o(.constdata)
    TPH_F12X24                               0x08004050   Data        4608  tpg.o(.constdata)
    .constdata                               0x08005250   Section    34020  oled.o(.constdata)
    .constdata                               0x0800d738   Section       56  log.o(.constdata)
    Lg2                                      0x0800d738   Data          24  log.o(.constdata)
    Lg                                       0x0800d750   Data          32  log.o(.constdata)
    .constdata                               0x0800d770   Section        8  qnan.o(.constdata)
    .conststring                             0x0800d778   Section      185  main.o(.conststring)
    .data                                    0x20000000   Section       11  start.o(.data)
    .data                                    0x2000000c   Section        9  moto.o(.data)
    .data                                    0x20000015   Section        1  hardware_init.o(.data)
    .data                                    0x20000018   Section       18  stm32f10x_it.o(.data)
    .data                                    0x2000002a   Section        4  detect_adc.o(.data)
    .data                                    0x2000002e   Section       13  tpg.o(.data)
    .data                                    0x2000003c   Section        8  cap.o(.data)
    .data                                    0x20000044   Section        8  main.o(.data)
    .data                                    0x2000004c   Section        4  errno.o(.data)
    _errno                                   0x2000004c   Data           4  errno.o(.data)
    .bss                                     0x20000050   Section       44  start.o(.bss)
    .bss                                     0x2000007c   Section       12  detect_adc.o(.bss)
    .bss                                     0x20000088   Section      130  zk.o(.bss)
    .bss                                     0x2000010a   Section      240  main.o(.bss)
    STACK                                    0x20000200   Section     1024  startup_stm32f10x_xl.o(STACK)

    Global Symbols

    Symbol Name                              Value     Ov Type        Size  Object(Section)

    BuildAttributes$$THM_ISAv4$P$D$K$B$S$PE$A:L22UL41UL21$X:L11$S22US41US21$IEEE1$IW$USESV6$~STKCKD$USESV7$~SHL$OTIME$ROPI$IEEEX$EBA8$MICROLIB$REQ8$PRES8$EABIv2 0x00000000   Number         0  anon$$obj.o ABSOLUTE
    __ARM_use_no_argv                        0x00000000   Number         0  main.o ABSOLUTE
    __cpp_initialize__aeabi_                  - Undefined Weak Reference
    __cxa_finalize                            - Undefined Weak Reference
    __decompress                              - Undefined Weak Reference
    _clock_init                               - Undefined Weak Reference
    _microlib_exit                            - Undefined Weak Reference
    __Vectors_Size                           0x00000130   Number         0  startup_stm32f10x_xl.o ABSOLUTE
    __Vectors                                0x08000000   Data           4  startup_stm32f10x_xl.o(RESET)
    __Vectors_End                            0x08000130   Data           0  startup_stm32f10x_xl.o(RESET)
    __main                                   0x08000131   Thumb Code     0  entry.o(.ARM.Collect$$$$00000000)
    _main_stk                                0x08000131   Thumb Code     0  entry2.o(.ARM.Collect$$$$00000001)
    _main_scatterload                        0x08000135   Thumb Code     0  entry5.o(.ARM.Collect$$$$00000004)
    __main_after_scatterload                 0x08000139   Thumb Code     0  entry5.o(.ARM.Collect$$$$00000004)
    _main_clock                              0x08000139   Thumb Code     0  entry7b.o(.ARM.Collect$$$$00000008)
    _main_cpp_init                           0x08000139   Thumb Code     0  entry8b.o(.ARM.Collect$$$$0000000A)
    _main_init                               0x08000139   Thumb Code     0  entry9a.o(.ARM.Collect$$$$0000000B)
    __rt_final_cpp                           0x08000141   Thumb Code     0  entry10a.o(.ARM.Collect$$$$0000000D)
    __rt_final_exit                          0x08000141   Thumb Code     0  entry11a.o(.ARM.Collect$$$$0000000F)
    Reset_Handler                            0x08000145   Thumb Code     8  startup_stm32f10x_xl.o(.text)
    ADC1_2_IRQHandler                        0x0800015f   Thumb Code     0  startup_stm32f10x_xl.o(.text)
    ADC3_IRQHandler                          0x0800015f   Thumb Code     0  startup_stm32f10x_xl.o(.text)
    CAN1_RX1_IRQHandler                      0x0800015f   Thumb Code     0  startup_stm32f10x_xl.o(.text)
    CAN1_SCE_IRQHandler                      0x0800015f   Thumb Code     0  startup_stm32f10x_xl.o(.text)
    DMA1_Channel1_IRQHandler                 0x0800015f   Thumb Code     0  startup_stm32f10x_xl.o(.text)
    DMA1_Channel2_IRQHandler                 0x0800015f   Thumb Code     0  startup_stm32f10x_xl.o(.text)
    DMA1_Channel3_IRQHandler                 0x0800015f   Thumb Code     0  startup_stm32f10x_xl.o(.text)
    DMA1_Channel4_IRQHandler                 0x0800015f   Thumb Code     0  startup_stm32f10x_xl.o(.text)
    DMA1_Channel5_IRQHandler                 0x0800015f   Thumb Code     0  startup_stm32f10x_xl.o(.text)
    DMA1_Channel6_IRQHandler                 0x0800015f   Thumb Code     0  startup_stm32f10x_xl.o(.text)
    DMA1_Channel7_IRQHandler                 0x0800015f   Thumb Code     0  startup_stm32f10x_xl.o(.text)
    DMA2_Channel1_IRQHandler                 0x0800015f   Thumb Code     0  startup_stm32f10x_xl.o(.text)
    DMA2_Channel2_IRQHandler                 0x0800015f   Thumb Code     0  startup_stm32f10x_xl.o(.text)
    DMA2_Channel3_IRQHandler                 0x0800015f   Thumb Code     0  startup_stm32f10x_xl.o(.text)
    DMA2_Channel4_5_IRQHandler               0x0800015f   Thumb Code     0  startup_stm32f10x_xl.o(.text)
    EXTI0_IRQHandler                         0x0800015f   Thumb Code     0  startup_stm32f10x_xl.o(.text)
    EXTI15_10_IRQHandler                     0x0800015f   Thumb Code     0  startup_stm32f10x_xl.o(.text)
    EXTI1_IRQHandler                         0x0800015f   Thumb Code     0  startup_stm32f10x_xl.o(.text)
    EXTI2_IRQHandler                         0x0800015f   Thumb Code     0  startup_stm32f10x_xl.o(.text)
    EXTI3_IRQHandler                         0x0800015f   Thumb Code     0  startup_stm32f10x_xl.o(.text)
    EXTI4_IRQHandler                         0x0800015f   Thumb Code     0  startup_stm32f10x_xl.o(.text)
    EXTI9_5_IRQHandler                       0x0800015f   Thumb Code     0  startup_stm32f10x_xl.o(.text)
    FLASH_IRQHandler                         0x0800015f   Thumb Code     0  startup_stm32f10x_xl.o(.text)
    FSMC_IRQHandler                          0x0800015f   Thumb Code     0  startup_stm32f10x_xl.o(.text)
    I2C1_ER_IRQHandler                       0x0800015f   Thumb Code     0  startup_stm32f10x_xl.o(.text)
    I2C1_EV_IRQHandler                       0x0800015f   Thumb Code     0  startup_stm32f10x_xl.o(.text)
    I2C2_ER_IRQHandler                       0x0800015f   Thumb Code     0  startup_stm32f10x_xl.o(.text)
    I2C2_EV_IRQHandler                       0x0800015f   Thumb Code     0  startup_stm32f10x_xl.o(.text)
    PVD_IRQHandler                           0x0800015f   Thumb Code     0  startup_stm32f10x_xl.o(.text)
    RCC_IRQHandler                           0x0800015f   Thumb Code     0  startup_stm32f10x_xl.o(.text)
    RTCAlarm_IRQHandler                      0x0800015f   Thumb Code     0  startup_stm32f10x_xl.o(.text)
    RTC_IRQHandler                           0x0800015f   Thumb Code     0  startup_stm32f10x_xl.o(.text)
    SDIO_IRQHandler                          0x0800015f   Thumb Code     0  startup_stm32f10x_xl.o(.text)
    SPI1_IRQHandler                          0x0800015f   Thumb Code     0  startup_stm32f10x_xl.o(.text)
    SPI2_IRQHandler                          0x0800015f   Thumb Code     0  startup_stm32f10x_xl.o(.text)
    SPI3_IRQHandler                          0x0800015f   Thumb Code     0  startup_stm32f10x_xl.o(.text)
    TAMPER_IRQHandler                        0x0800015f   Thumb Code     0  startup_stm32f10x_xl.o(.text)
    TIM1_BRK_TIM9_IRQHandler                 0x0800015f   Thumb Code     0  startup_stm32f10x_xl.o(.text)
    TIM1_CC_IRQHandler                       0x0800015f   Thumb Code     0  startup_stm32f10x_xl.o(.text)
    TIM1_TRG_COM_TIM11_IRQHandler            0x0800015f   Thumb Code     0  startup_stm32f10x_xl.o(.text)
    TIM1_UP_TIM10_IRQHandler                 0x0800015f   Thumb Code     0  startup_stm32f10x_xl.o(.text)
    TIM2_IRQHandler                          0x0800015f   Thumb Code     0  startup_stm32f10x_xl.o(.text)
    TIM4_IRQHandler                          0x0800015f   Thumb Code     0  startup_stm32f10x_xl.o(.text)
    TIM5_IRQHandler                          0x0800015f   Thumb Code     0  startup_stm32f10x_xl.o(.text)
    TIM6_IRQHandler                          0x0800015f   Thumb Code     0  startup_stm32f10x_xl.o(.text)
    TIM7_IRQHandler                          0x0800015f   Thumb Code     0  startup_stm32f10x_xl.o(.text)
    TIM8_BRK_TIM12_IRQHandler                0x0800015f   Thumb Code     0  startup_stm32f10x_xl.o(.text)
    TIM8_CC_IRQHandler                       0x0800015f   Thumb Code     0  startup_stm32f10x_xl.o(.text)
    TIM8_TRG_COM_TIM14_IRQHandler            0x0800015f   Thumb Code     0  startup_stm32f10x_xl.o(.text)
    TIM8_UP_TIM13_IRQHandler                 0x0800015f   Thumb Code     0  startup_stm32f10x_xl.o(.text)
    UART4_IRQHandler                         0x0800015f   Thumb Code     0  startup_stm32f10x_xl.o(.text)
    UART5_IRQHandler                         0x0800015f   Thumb Code     0  startup_stm32f10x_xl.o(.text)
    USART2_IRQHandler                        0x0800015f   Thumb Code     0  startup_stm32f10x_xl.o(.text)
    USBWakeUp_IRQHandler                     0x0800015f   Thumb Code     0  startup_stm32f10x_xl.o(.text)
    USB_HP_CAN1_TX_IRQHandler                0x0800015f   Thumb Code     0  startup_stm32f10x_xl.o(.text)
    USB_LP_CAN1_RX0_IRQHandler               0x0800015f   Thumb Code     0  startup_stm32f10x_xl.o(.text)
    WWDG_IRQHandler                          0x0800015f   Thumb Code     0  startup_stm32f10x_xl.o(.text)
    __aeabi_memset                           0x08000169   Thumb Code    14  memseta.o(.text)
    __aeabi_memset4                          0x08000169   Thumb Code     0  memseta.o(.text)
    __aeabi_memset8                          0x08000169   Thumb Code     0  memseta.o(.text)
    __aeabi_memclr                           0x08000177   Thumb Code     4  memseta.o(.text)
    __aeabi_memclr4                          0x08000177   Thumb Code     0  memseta.o(.text)
    __aeabi_memclr8                          0x08000177   Thumb Code     0  memseta.o(.text)
    _memset$wrapper                          0x0800017b   Thumb Code    18  memseta.o(.text)
    strlen                                   0x0800018d   Thumb Code    14  strlen.o(.text)
    strcpy                                   0x0800019b   Thumb Code    18  strcpy.o(.text)
    __aeabi_fadd                             0x080001ad   Thumb Code   164  fadd.o(.text)
    __aeabi_fsub                             0x08000251   Thumb Code     6  fadd.o(.text)
    __aeabi_frsub                            0x08000257   Thumb Code     6  fadd.o(.text)
    __aeabi_fmul                             0x0800025d   Thumb Code   100  fmul.o(.text)
    __aeabi_fdiv                             0x080002c1   Thumb Code   124  fdiv.o(.text)
    __aeabi_dmul                             0x0800033d   Thumb Code   228  dmul.o(.text)
    __aeabi_ui2f                             0x08000421   Thumb Code    10  ffltui.o(.text)
    __aeabi_f2uiz                            0x0800042b   Thumb Code    40  ffixui.o(.text)
    __aeabi_d2uiz                            0x08000453   Thumb Code    50  dfixui.o(.text)
    __aeabi_f2d                              0x08000485   Thumb Code    38  f2d.o(.text)
    __aeabi_d2f                              0x080004ab   Thumb Code    56  d2f.o(.text)
    __aeabi_cfcmpeq                          0x080004e5   Thumb Code     0  cfcmple.o(.text)
    __aeabi_cfcmple                          0x080004e5   Thumb Code    20  cfcmple.o(.text)
    __aeabi_cfrcmple                         0x080004f9   Thumb Code    20  cfrcmple.o(.text)
    __aeabi_llsr                             0x0800050d   Thumb Code    32  llushr.o(.text)
    _ll_ushift_r                             0x0800050d   Thumb Code     0  llushr.o(.text)
    __I$use$fp                               0x0800052d   Thumb Code     0  iusefp.o(.text)
    _float_round                             0x0800052d   Thumb Code    18  fepilogue.o(.text)
    _float_epilogue                          0x0800053f   Thumb Code    92  fepilogue.o(.text)
    _double_round                            0x0800059b   Thumb Code    30  depilogue.o(.text)
    _double_epilogue                         0x080005b9   Thumb Code   156  depilogue.o(.text)
    __aeabi_dadd                             0x08000655   Thumb Code   322  dadd.o(.text)
    __aeabi_dsub                             0x08000797   Thumb Code     6  dadd.o(.text)
    __aeabi_drsub                            0x0800079d   Thumb Code     6  dadd.o(.text)
    __aeabi_ddiv                             0x080007a3   Thumb Code   222  ddiv.o(.text)
    __ARM_scalbn                             0x08000881   Thumb Code    46  dscalb.o(.text)
    scalbn                                   0x08000881   Thumb Code     0  dscalb.o(.text)
    __aeabi_i2d                              0x080008af   Thumb Code    34  dflti.o(.text)
    __aeabi_cdcmpeq                          0x080008d1   Thumb Code     0  cdcmple.o(.text)
    __aeabi_cdcmple                          0x080008d1   Thumb Code    48  cdcmple.o(.text)
    __scatterload                            0x08000901   Thumb Code    28  init.o(.text)
    __scatterload_rt2                        0x08000901   Thumb Code     0  init.o(.text)
    __aeabi_llsl                             0x08000925   Thumb Code    30  llshl.o(.text)
    _ll_shift_l                              0x08000925   Thumb Code     0  llshl.o(.text)
    __aeabi_lasr                             0x08000943   Thumb Code    36  llsshr.o(.text)
    _ll_sshift_r                             0x08000943   Thumb Code     0  llsshr.o(.text)
    ADC_Cmd                                  0x08000a65   Thumb Code    22  stm32f10x_adc.o(i.ADC_Cmd)
    ADC_DMACmd                               0x08000a7b   Thumb Code    22  stm32f10x_adc.o(i.ADC_DMACmd)
    ADC_GetCalibrationStatus                 0x08000a91   Thumb Code    20  stm32f10x_adc.o(i.ADC_GetCalibrationStatus)
    ADC_GetResetCalibrationStatus            0x08000aa5   Thumb Code    20  stm32f10x_adc.o(i.ADC_GetResetCalibrationStatus)
    ADC_Init                                 0x08000ab9   Thumb Code    70  stm32f10x_adc.o(i.ADC_Init)
    ADC_RegularChannelConfig                 0x08000b09   Thumb Code   184  stm32f10x_adc.o(i.ADC_RegularChannelConfig)
    ADC_ResetCalibration                     0x08000bc1   Thumb Code    10  stm32f10x_adc.o(i.ADC_ResetCalibration)
    ADC_SoftwareStartConvCmd                 0x08000bcb   Thumb Code    22  stm32f10x_adc.o(i.ADC_SoftwareStartConvCmd)
    ADC_StartCalibration                     0x08000be1   Thumb Code    10  stm32f10x_adc.o(i.ADC_StartCalibration)
    BEEP_Di                                  0x08000bed   Thumb Code   118  beep_led.o(i.BEEP_Di)
    BusFault_Handler                         0x08000c69   Thumb Code     4  stm32f10x_it.o(i.BusFault_Handler)
    Cap_HzGet                                0x08000c6d   Thumb Code   122  cap.o(i.Cap_HzGet)
    Cap_Reckon                               0x08000cfd   Thumb Code   234  cap.o(i.Cap_Reckon)
    Cap_Test                                 0x08000e01   Thumb Code    68  cap.o(i.Cap_Test)
    DMA_Cmd                                  0x08000e51   Thumb Code    24  stm32f10x_dma.o(i.DMA_Cmd)
    DMA_DeInit                               0x08000e69   Thumb Code   324  stm32f10x_dma.o(i.DMA_DeInit)
    DMA_Init                                 0x08000fb5   Thumb Code    60  stm32f10x_dma.o(i.DMA_Init)
    DebugMon_Handler                         0x08000ff1   Thumb Code     2  stm32f10x_it.o(i.DebugMon_Handler)
    Delay1ms                                 0x08000ff3   Thumb Code    24  delay.o(i.Delay1ms)
    Delay1us                                 0x0800100b   Thumb Code    24  delay.o(i.Delay1us)
    Display_Arial_String                     0x08001025   Thumb Code   186  zk.o(i.Display_Arial_String)
    Display_Arial_TimesNewRoman              0x080010f5   Thumb Code   194  zk.o(i.Display_Arial_TimesNewRoman)
    Display_GB2312                           0x080011bd   Thumb Code   172  zk.o(i.Display_GB2312)
    Display_GB2312_String                    0x0800126d   Thumb Code   284  zk.o(i.Display_GB2312_String)
    GPIOInit                                 0x08001399   Thumb Code   490  hardware_init.o(i.GPIOInit)
    GPIO_Init                                0x08001599   Thumb Code   278  stm32f10x_gpio.o(i.GPIO_Init)
    GPIO_PinRemapConfig                      0x080016b1   Thumb Code   138  stm32f10x_gpio.o(i.GPIO_PinRemapConfig)
    GPIO_ReadInputDataBit                    0x08001741   Thumb Code    18  stm32f10x_gpio.o(i.GPIO_ReadInputDataBit)
    GPIO_ResetBits                           0x08001753   Thumb Code     4  stm32f10x_gpio.o(i.GPIO_ResetBits)
    GPIO_SetBits                             0x08001757   Thumb Code     4  stm32f10x_gpio.o(i.GPIO_SetBits)
    GPIO_WriteBit                            0x0800175b   Thumb Code    10  stm32f10x_gpio.o(i.GPIO_WriteBit)
    HardFault_Handler                        0x08001765   Thumb Code     4  stm32f10x_it.o(i.HardFault_Handler)
    IO_Init                                  0x08001769   Thumb Code   110  hardware_init.o(i.IO_Init)
    InitHardWare                             0x080017e1   Thumb Code    28  hardware_init.o(i.InitHardWare)
    Key1                                     0x080017fd   Thumb Code    52  beep_led.o(i.Key1)
    LCD_Address_Set                          0x08001835   Thumb Code    58  oled.o(i.LCD_Address_Set)
    LCD_DataClear                            0x08001871   Thumb Code   264  oled_print.o(i.LCD_DataClear)
    LCD_DrawPoint                            0x080019b5   Thumb Code    28  oled.o(i.LCD_DrawPoint)
    LCD_Fill                                 0x080019d1   Thumb Code    74  oled.o(i.LCD_Fill)
    LCD_ShowChar                             0x08001a1d   Thumb Code   282  oled.o(i.LCD_ShowChar)
    LCD_ShowIntNum                           0x08001b41   Thumb Code   150  oled.o(i.LCD_ShowIntNum)
    LCD_Variable                             0x08001bd9   Thumb Code    64  oled_print.o(i.LCD_Variable)
    LCD_WR_DATA                              0x08001c1d   Thumb Code    18  oled.o(i.LCD_WR_DATA)
    LCD_WR_REG                               0x08001c31   Thumb Code    28  oled.o(i.LCD_WR_REG)
    LCD_Writ_Bus                             0x08001c51   Thumb Code    82  oled.o(i.LCD_Writ_Bus)
    MOTO_HzGet                               0x08001cad   Thumb Code   104  moto.o(i.MOTO_HzGet)
    MT_HzGet                                 0x08001d25   Thumb Code    78  moto.o(i.MT_HzGet)
    MT_Reckon                                0x08001d85   Thumb Code   236  moto.o(i.MT_Reckon)
    MT_Test                                  0x08001e85   Thumb Code   192  moto.o(i.MT_Test)
    MemManage_Handler                        0x08001f51   Thumb Code     4  stm32f10x_it.o(i.MemManage_Handler)
    NMI_Handler                              0x08001f55   Thumb Code     2  stm32f10x_it.o(i.NMI_Handler)
    NVICInit                                 0x08001f57   Thumb Code    64  hardware_init.o(i.NVICInit)
    NVIC_Init                                0x08001f99   Thumb Code   100  misc.o(i.NVIC_Init)
    NVIC_PriorityGroupConfig                 0x08002009   Thumb Code    10  misc.o(i.NVIC_PriorityGroupConfig)
    PendSV_Handler                           0x0800201d   Thumb Code     2  stm32f10x_it.o(i.PendSV_Handler)
    RAY_Test                                 0x08002021   Thumb Code   140  detect_adc.o(i.RAY_Test)
    RCC_ADCCLKConfig                         0x08002149   Thumb Code    18  stm32f10x_rcc.o(i.RCC_ADCCLKConfig)
    RCC_AHBPeriphClockCmd                    0x08002161   Thumb Code    26  stm32f10x_rcc.o(i.RCC_AHBPeriphClockCmd)
    RCC_APB1PeriphClockCmd                   0x08002181   Thumb Code    26  stm32f10x_rcc.o(i.RCC_APB1PeriphClockCmd)
    RCC_APB2PeriphClockCmd                   0x080021a1   Thumb Code    26  stm32f10x_rcc.o(i.RCC_APB2PeriphClockCmd)
    RCC_DeInit                               0x080021c1   Thumb Code    64  stm32f10x_rcc.o(i.RCC_DeInit)
    RCC_GetFlagStatus                        0x0800220d   Thumb Code    56  stm32f10x_rcc.o(i.RCC_GetFlagStatus)
    RCC_GetSYSCLKSource                      0x08002249   Thumb Code    10  stm32f10x_rcc.o(i.RCC_GetSYSCLKSource)
    RCC_HCLKConfig                           0x08002259   Thumb Code    18  stm32f10x_rcc.o(i.RCC_HCLKConfig)
    RCC_HSEConfig                            0x08002271   Thumb Code    70  stm32f10x_rcc.o(i.RCC_HSEConfig)
    RCC_PCLK1Config                          0x080022bd   Thumb Code    18  stm32f10x_rcc.o(i.RCC_PCLK1Config)
    RCC_PCLK2Config                          0x080022d5   Thumb Code    20  stm32f10x_rcc.o(i.RCC_PCLK2Config)
    RCC_PLLCmd                               0x080022ed   Thumb Code     6  stm32f10x_rcc.o(i.RCC_PLLCmd)
    RCC_PLLConfig                            0x080022f9   Thumb Code    24  stm32f10x_rcc.o(i.RCC_PLLConfig)
    RCC_SYSCLKConfig                         0x08002315   Thumb Code    18  stm32f10x_rcc.o(i.RCC_SYSCLKConfig)
    RCC_WaitForHSEStartUp                    0x0800232d   Thumb Code    56  stm32f10x_rcc.o(i.RCC_WaitForHSEStartUp)
    SVC_Handler                              0x08002365   Thumb Code     2  stm32f10x_it.o(i.SVC_Handler)
    ShowNum                                  0x08002451   Thumb Code   168  main.o(i.ShowNum)
    SysTick_Handler                          0x080024fd   Thumb Code     2  stm32f10x_it.o(i.SysTick_Handler)
    SystemInit                               0x08002501   Thumb Code    78  system_stm32f10x.o(i.SystemInit)
    TIM3_IRQHandler                          0x08002561   Thumb Code   456  stm32f10x_it.o(i.TIM3_IRQHandler)
    TIM_ClearFlag                            0x08002779   Thumb Code     6  stm32f10x_tim.o(i.TIM_ClearFlag)
    TIM_ClearITPendingBit                    0x0800277f   Thumb Code     6  stm32f10x_tim.o(i.TIM_ClearITPendingBit)
    TIM_Cmd                                  0x08002785   Thumb Code    24  stm32f10x_tim.o(i.TIM_Cmd)
    TIM_GetITStatus                          0x0800279d   Thumb Code    34  stm32f10x_tim.o(i.TIM_GetITStatus)
    TIM_ITConfig                             0x080027bf   Thumb Code    18  stm32f10x_tim.o(i.TIM_ITConfig)
    TIM_TimeBaseInit                         0x080027d1   Thumb Code   122  stm32f10x_tim.o(i.TIM_TimeBaseInit)
    TM_Test                                  0x08002875   Thumb Code   152  detect_adc.o(i.TM_Test)
    TPH_Column                               0x0800292d   Thumb Code    20  tpg.o(i.TPH_Column)
    TPH_Esc                                  0x08002945   Thumb Code    84  tpg.o(i.TPH_Esc)
    TPH_Loop1                                0x080029a9   Thumb Code   122  tpg.o(i.TPH_Loop1)
    TPH_Loop2                                0x08002a35   Thumb Code   126  tpg.o(i.TPH_Loop2)
    TPH_Loop3                                0x08002ac5   Thumb Code   122  tpg.o(i.TPH_Loop3)
    TPH_Print1                               0x08002b51   Thumb Code    60  tpg.o(i.TPH_Print1)
    TPH_PrintChar                            0x08002b99   Thumb Code   156  tpg.o(i.TPH_PrintChar)
    TPH_PrintNum                             0x08002c41   Thumb Code    12  tpg.o(i.TPH_PrintNum)
    TPH_PrintString                          0x08002c55   Thumb Code   284  tpg.o(i.TPH_PrintString)
    TPH_Printinit                            0x08002d89   Thumb Code    90  tpg.o(i.TPH_Printinit)
    TPH_Space                                0x08002dfd   Thumb Code    24  tpg.o(i.TPH_Space)
    TPH_WR_Byte                              0x08002e15   Thumb Code    54  tpg.o(i.TPH_WR_Byte)
    Timer3Init                               0x08002e51   Thumb Code    62  hardware_init.o(i.Timer3Init)
    USART1_IRQHandler                        0x08002e95   Thumb Code    42  stm32f10x_it.o(i.USART1_IRQHandler)
    USART3_IRQHandler                        0x08002ec5   Thumb Code    42  stm32f10x_it.o(i.USART3_IRQHandler)
    USART_ClearITPendingBit                  0x08002ef5   Thumb Code    30  stm32f10x_usart.o(i.USART_ClearITPendingBit)
    USART_GetITStatus                        0x08002f13   Thumb Code    84  stm32f10x_usart.o(i.USART_GetITStatus)
    USART_ReceiveData                        0x08002f67   Thumb Code    10  stm32f10x_usart.o(i.USART_ReceiveData)
    USART_SendData                           0x08002f71   Thumb Code     8  stm32f10x_usart.o(i.USART_SendData)
    UpStart                                  0x08002f79   Thumb Code    16  start.o(i.UpStart)
    UpStart_Init                             0x08002f8d   Thumb Code    76  start.o(i.UpStart_Init)
    UpUSART_Num                              0x08002ff5   Thumb Code    82  start.o(i.UpUSART_Num)
    UsageFault_Handler                       0x08003055   Thumb Code     4  stm32f10x_it.o(i.UsageFault_Handler)
    VH_Test                                  0x08003059   Thumb Code   140  detect_adc.o(i.VH_Test)
    ZK_command                               0x080030f9   Thumb Code    62  zk.o(i.ZK_command)
    __kernel_poly                            0x08003141   Thumb Code   170  poly.o(i.__kernel_poly)
    __mathlib_dbl_divzero                    0x080031ed   Thumb Code    12  dunder.o(i.__mathlib_dbl_divzero)
    __mathlib_dbl_infnan                     0x080031fd   Thumb Code     6  dunder.o(i.__mathlib_dbl_infnan)
    __mathlib_dbl_invalid                    0x08003203   Thumb Code    12  dunder.o(i.__mathlib_dbl_invalid)
    __scatterload_copy                       0x0800320f   Thumb Code    14  handlers.o(i.__scatterload_copy)
    __scatterload_null                       0x0800321d   Thumb Code     2  handlers.o(i.__scatterload_null)
    __scatterload_zeroinit                   0x0800321f   Thumb Code    14  handlers.o(i.__scatterload_zeroinit)
    __set_errno                              0x0800322d   Thumb Code     6  errno.o(i.__set_errno)
    get_data_from_ROM                        0x08003239   Thumb Code    54  zk.o(i.get_data_from_ROM)
    get_n_bytes_data_from_ROM                0x08003279   Thumb Code    82  zk.o(i.get_n_bytes_data_from_ROM)
    log                                      0x080032d1   Thumb Code   808  log.o(i.log)
    main                                     0x0800362d   Thumb Code   762  main.o(i.main)
    mypow                                    0x08003a25   Thumb Code    22  oled.o(i.mypow)
    num_pow                                  0x08003a3b   Thumb Code    22  main.o(i.num_pow)
    ascii_1206                               0x08005250   Data        1140  oled.o(.constdata)
    ascii_1608                               0x080056c4   Data        1520  oled.o(.constdata)
    gImage_1                                 0x08005cb4   Data       31360  oled.o(.constdata)
    __mathlib_zero                           0x0800d770   Data           8  qnan.o(.constdata)
    Region$$Table$$Base                      0x0800d834   Number         0  anon$$obj.o(Region$$Table)
    Region$$Table$$Limit                     0x0800d854   Number         0  anon$$obj.o(Region$$Table)
    UpStart_Num                              0x20000000   Data           2  start.o(.data)
    Type_ID                                  0x20000004   Data           4  start.o(.data)
    Link_G_en                                0x20000008   Data           1  start.o(.data)
    STB_OFF                                  0x20000009   Data           1  start.o(.data)
    STB_ON                                   0x2000000a   Data           1  start.o(.data)
    MT_USART                                 0x2000000c   Data           4  moto.o(.data)
    MT_Hz                                    0x20000010   Data           4  moto.o(.data)
    MOTO_H_Set                               0x20000014   Data           1  moto.o(.data)
    HSEStartUpStatus                         0x20000015   Data           1  hardware_init.o(.data)
    MOTO_2Esc                                0x20000018   Data           1  stm32f10x_it.o(.data)
    MOTO_EN_It                               0x20000019   Data           1  stm32f10x_it.o(.data)
    TPH_EN_It                                0x2000001a   Data           1  stm32f10x_it.o(.data)
    TPH_EN                                   0x2000001b   Data           1  stm32f10x_it.o(.data)
    MOTO_EN                                  0x2000001c   Data           1  stm32f10x_it.o(.data)
    cis                                      0x2000001d   Data           1  stm32f10x_it.o(.data)
    STB_L_Num                                0x2000001e   Data           1  stm32f10x_it.o(.data)
    STB_H_Num                                0x2000001f   Data           1  stm32f10x_it.o(.data)
    It_Num                                   0x20000020   Data           2  stm32f10x_it.o(.data)
    It_Loop                                  0x20000024   Data           4  stm32f10x_it.o(.data)
    PAPER_ON                                 0x20000028   Data           1  stm32f10x_it.o(.data)
    PAPER_OFF                                0x20000029   Data           1  stm32f10x_it.o(.data)
    PAPER_SETD                               0x2000002a   Data           2  detect_adc.o(.data)
    PAPER_SETU                               0x2000002c   Data           2  detect_adc.o(.data)
    Step                                     0x2000002e   Data           8  tpg.o(.data)
    res                                      0x20000036   Data           1  tpg.o(.data)
    kos                                      0x20000038   Data           2  tpg.o(.data)
    data3                                    0x2000003a   Data           1  tpg.o(.data)
    Cap_USART                                0x2000003c   Data           4  cap.o(.data)
    Cap_Hz                                   0x20000040   Data           4  cap.o(.data)
    ADC_Num                                  0x20000044   Data           6  main.o(.data)
    PAPER_Key                                0x2000004a   Data           1  main.o(.data)
    TPH_LAN_TEST                             0x2000004b   Data           1  main.o(.data)
    UpStartUSART                             0x20000050   Data          26  start.o(.bss)
    UpStart_InitStructure                    0x2000006a   Data          18  start.o(.bss)
    Detect_USART                             0x2000007c   Data          12  detect_adc.o(.bss)
    FontBuf                                  0x20000088   Data         130  zk.o(.bss)
    TPH_Cache                                0x2000010a   Data         240  main.o(.bss)
    __initial_sp                             0x20000600   Data           0  startup_stm32f10x_xl.o(STACK)



==============================================================================

Memory Map of the image

  Image Entry point : 0x08000131

  Load Region LR_IROM1 (Base: 0x08000000, Size: 0x0000d8a4, Max: 0x00020000, ABSOLUTE)

    Execution Region ER_IROM1 (Base: 0x08000000, Size: 0x0000d854, Max: 0x00020000, ABSOLUTE)

    Base Addr    Size         Type   Attr      Idx    E Section Name        Object

    0x08000000   0x00000130   Data   RO         4004    RESET               startup_stm32f10x_xl.o
    0x08000130   0x00000000   Code   RO         4053  * .ARM.Collect$$$$00000000  mc_w.l(entry.o)
    0x08000130   0x00000004   Code   RO         4101    .ARM.Collect$$$$00000001  mc_w.l(entry2.o)
    0x08000134   0x00000004   Code   RO         4104    .ARM.Collect$$$$00000004  mc_w.l(entry5.o)
    0x08000138   0x00000000   Code   RO         4106    .ARM.Collect$$$$00000008  mc_w.l(entry7b.o)
    0x08000138   0x00000000   Code   RO         4108    .ARM.Collect$$$$0000000A  mc_w.l(entry8b.o)
    0x08000138   0x00000008   Code   RO         4109    .ARM.Collect$$$$0000000B  mc_w.l(entry9a.o)
    0x08000140   0x00000000   Code   RO         4111    .ARM.Collect$$$$0000000D  mc_w.l(entry10a.o)
    0x08000140   0x00000000   Code   RO         4113    .ARM.Collect$$$$0000000F  mc_w.l(entry11a.o)
    0x08000140   0x00000004   Code   RO         4102    .ARM.Collect$$$$00002712  mc_w.l(entry2.o)
    0x08000144   0x00000024   Code   RO         4005    .text               startup_stm32f10x_xl.o
    0x08000168   0x00000024   Code   RO         4056    .text               mc_w.l(memseta.o)
    0x0800018c   0x0000000e   Code   RO         4058    .text               mc_w.l(strlen.o)
    0x0800019a   0x00000012   Code   RO         4060    .text               mc_w.l(strcpy.o)
    0x080001ac   0x000000b0   Code   RO         4062    .text               mf_w.l(fadd.o)
    0x0800025c   0x00000064   Code   RO         4064    .text               mf_w.l(fmul.o)
    0x080002c0   0x0000007c   Code   RO         4066    .text               mf_w.l(fdiv.o)
    0x0800033c   0x000000e4   Code   RO         4068    .text               mf_w.l(dmul.o)
    0x08000420   0x0000000a   Code   RO         4070    .text               mf_w.l(ffltui.o)
    0x0800042a   0x00000028   Code   RO         4072    .text               mf_w.l(ffixui.o)
    0x08000452   0x00000032   Code   RO         4074    .text               mf_w.l(dfixui.o)
    0x08000484   0x00000026   Code   RO         4076    .text               mf_w.l(f2d.o)
    0x080004aa   0x00000038   Code   RO         4078    .text               mf_w.l(d2f.o)
    0x080004e2   0x00000002   PAD
    0x080004e4   0x00000014   Code   RO         4080    .text               mf_w.l(cfcmple.o)
    0x080004f8   0x00000014   Code   RO         4082    .text               mf_w.l(cfrcmple.o)
    0x0800050c   0x00000020   Code   RO         4115    .text               mc_w.l(llushr.o)
    0x0800052c   0x00000000   Code   RO         4124    .text               mc_w.l(iusefp.o)
    0x0800052c   0x0000006e   Code   RO         4125    .text               mf_w.l(fepilogue.o)
    0x0800059a   0x000000ba   Code   RO         4127    .text               mf_w.l(depilogue.o)
    0x08000654   0x0000014e   Code   RO         4129    .text               mf_w.l(dadd.o)
    0x080007a2   0x000000de   Code   RO         4131    .text               mf_w.l(ddiv.o)
    0x08000880   0x0000002e   Code   RO         4133    .text               mf_w.l(dscalb.o)
    0x080008ae   0x00000022   Code   RO         4135    .text               mf_w.l(dflti.o)
    0x080008d0   0x00000030   Code   RO         4137    .text               mf_w.l(cdcmple.o)
    0x08000900   0x00000024   Code   RO         4139    .text               mc_w.l(init.o)
    0x08000924   0x0000001e   Code   RO         4141    .text               mc_w.l(llshl.o)
    0x08000942   0x00000024   Code   RO         4143    .text               mc_w.l(llsshr.o)
    0x08000966   0x00000002   PAD
    0x08000968   0x000000fc   Code   RO          260    i.ADC1Init          hardware_init.o
    0x08000a64   0x00000016   Code   RO          959    i.ADC_Cmd           stm32f10x_adc.o
    0x08000a7a   0x00000016   Code   RO          960    i.ADC_DMACmd        stm32f10x_adc.o
    0x08000a90   0x00000014   Code   RO          967    i.ADC_GetCalibrationStatus  stm32f10x_adc.o
    0x08000aa4   0x00000014   Code   RO          973    i.ADC_GetResetCalibrationStatus  stm32f10x_adc.o
    0x08000ab8   0x00000050   Code   RO          977    i.ADC_Init          stm32f10x_adc.o
    0x08000b08   0x000000b8   Code   RO          981    i.ADC_RegularChannelConfig  stm32f10x_adc.o
    0x08000bc0   0x0000000a   Code   RO          982    i.ADC_ResetCalibration  stm32f10x_adc.o
    0x08000bca   0x00000016   Code   RO          984    i.ADC_SoftwareStartConvCmd  stm32f10x_adc.o
    0x08000be0   0x0000000a   Code   RO          986    i.ADC_StartCalibration  stm32f10x_adc.o
    0x08000bea   0x00000002   PAD
    0x08000bec   0x0000007c   Code   RO          679    i.BEEP_Di           beep_led.o
    0x08000c68   0x00000004   Code   RO          321    i.BusFault_Handler  stm32f10x_it.o
    0x08000c6c   0x00000090   Code   RO          809    i.Cap_HzGet         cap.o
    0x08000cfc   0x00000104   Code   RO          810    i.Cap_Reckon        cap.o
    0x08000e00   0x00000050   Code   RO          811    i.Cap_Test          cap.o
    0x08000e50   0x00000018   Code   RO         1659    i.DMA_Cmd           stm32f10x_dma.o
    0x08000e68   0x0000014c   Code   RO         1660    i.DMA_DeInit        stm32f10x_dma.o
    0x08000fb4   0x0000003c   Code   RO         1665    i.DMA_Init          stm32f10x_dma.o
    0x08000ff0   0x00000002   Code   RO          322    i.DebugMon_Handler  stm32f10x_it.o
    0x08000ff2   0x00000018   Code   RO          221    i.Delay1ms          delay.o
    0x0800100a   0x00000018   Code   RO          222    i.Delay1us          delay.o
    0x08001022   0x00000002   PAD
    0x08001024   0x000000d0   Code   RO          703    i.Display_Arial_String  zk.o
    0x080010f4   0x000000c8   Code   RO          704    i.Display_Arial_TimesNewRoman  zk.o
    0x080011bc   0x000000b0   Code   RO          707    i.Display_GB2312    zk.o
    0x0800126c   0x0000012c   Code   RO          708    i.Display_GB2312_String  zk.o
    0x08001398   0x00000200   Code   RO          261    i.GPIOInit          hardware_init.o
    0x08001598   0x00000116   Code   RO         2131    i.GPIO_Init         stm32f10x_gpio.o
    0x080016ae   0x00000002   PAD
    0x080016b0   0x00000090   Code   RO         2133    i.GPIO_PinRemapConfig  stm32f10x_gpio.o
    0x08001740   0x00000012   Code   RO         2135    i.GPIO_ReadInputDataBit  stm32f10x_gpio.o
    0x08001752   0x00000004   Code   RO         2138    i.GPIO_ResetBits    stm32f10x_gpio.o
    0x08001756   0x00000004   Code   RO         2139    i.GPIO_SetBits      stm32f10x_gpio.o
    0x0800175a   0x0000000a   Code   RO         2142    i.GPIO_WriteBit     stm32f10x_gpio.o
    0x08001764   0x00000004   Code   RO          323    i.HardFault_Handler  stm32f10x_it.o
    0x08001768   0x00000078   Code   RO          262    i.IO_Init           hardware_init.o
    0x080017e0   0x0000001c   Code   RO          263    i.InitHardWare      hardware_init.o
    0x080017fc   0x00000038   Code   RO          681    i.Key1              beep_led.o
    0x08001834   0x0000003a   Code   RO          560    i.LCD_Address_Set   oled.o
    0x0800186e   0x00000002   PAD
    0x08001870   0x00000144   Code   RO          772    i.LCD_DataClear     oled_print.o
    0x080019b4   0x0000001c   Code   RO          562    i.LCD_DrawPoint     oled.o
    0x080019d0   0x0000004a   Code   RO          564    i.LCD_Fill          oled.o
    0x08001a1a   0x00000002   PAD
    0x08001a1c   0x00000124   Code   RO          566    i.LCD_ShowChar      oled.o
    0x08001b40   0x00000096   Code   RO          568    i.LCD_ShowIntNum    oled.o
    0x08001bd6   0x00000002   PAD
    0x08001bd8   0x00000044   Code   RO          776    i.LCD_Variable      oled_print.o
    0x08001c1c   0x00000012   Code   RO          571    i.LCD_WR_DATA       oled.o
    0x08001c2e   0x00000002   PAD
    0x08001c30   0x00000020   Code   RO          573    i.LCD_WR_REG        oled.o
    0x08001c50   0x0000005c   Code   RO          574    i.LCD_Writ_Bus      oled.o
    0x08001cac   0x00000078   Code   RO          184    i.MOTO_HzGet        moto.o
    0x08001d24   0x00000060   Code   RO          185    i.MT_HzGet          moto.o
    0x08001d84   0x00000100   Code   RO          186    i.MT_Reckon         moto.o
    0x08001e84   0x000000cc   Code   RO          187    i.MT_Test           moto.o
    0x08001f50   0x00000004   Code   RO          324    i.MemManage_Handler  stm32f10x_it.o
    0x08001f54   0x00000002   Code   RO          325    i.NMI_Handler       stm32f10x_it.o
    0x08001f56   0x00000040   Code   RO          264    i.NVICInit          hardware_init.o
    0x08001f96   0x00000002   PAD
    0x08001f98   0x00000070   Code   RO          848    i.NVIC_Init         misc.o
    0x08002008   0x00000014   Code   RO          849    i.NVIC_PriorityGroupConfig  misc.o
    0x0800201c   0x00000002   Code   RO          326    i.PendSV_Handler    stm32f10x_it.o
    0x0800201e   0x00000002   PAD
    0x08002020   0x000000a4   Code   RO          413    i.RAY_Test          detect_adc.o
    0x080020c4   0x00000084   Code   RO          265    i.RCCInit           hardware_init.o
    0x08002148   0x00000018   Code   RO         2551    i.RCC_ADCCLKConfig  stm32f10x_rcc.o
    0x08002160   0x00000020   Code   RO         2552    i.RCC_AHBPeriphClockCmd  stm32f10x_rcc.o
    0x08002180   0x00000020   Code   RO         2553    i.RCC_APB1PeriphClockCmd  stm32f10x_rcc.o
    0x080021a0   0x00000020   Code   RO         2555    i.RCC_APB2PeriphClockCmd  stm32f10x_rcc.o
    0x080021c0   0x0000004c   Code   RO         2562    i.RCC_DeInit        stm32f10x_rcc.o
    0x0800220c   0x0000003c   Code   RO         2564    i.RCC_GetFlagStatus  stm32f10x_rcc.o
    0x08002248   0x00000010   Code   RO         2566    i.RCC_GetSYSCLKSource  stm32f10x_rcc.o
    0x08002258   0x00000018   Code   RO         2567    i.RCC_HCLKConfig    stm32f10x_rcc.o
    0x08002270   0x0000004c   Code   RO         2568    i.RCC_HSEConfig     stm32f10x_rcc.o
    0x080022bc   0x00000018   Code   RO         2574    i.RCC_PCLK1Config   stm32f10x_rcc.o
    0x080022d4   0x00000018   Code   RO         2575    i.RCC_PCLK2Config   stm32f10x_rcc.o
    0x080022ec   0x0000000c   Code   RO         2576    i.RCC_PLLCmd        stm32f10x_rcc.o
    0x080022f8   0x0000001c   Code   RO         2577    i.RCC_PLLConfig     stm32f10x_rcc.o
    0x08002314   0x00000018   Code   RO         2580    i.RCC_SYSCLKConfig  stm32f10x_rcc.o
    0x0800232c   0x00000038   Code   RO         2582    i.RCC_WaitForHSEStartUp  stm32f10x_rcc.o
    0x08002364   0x00000002   Code   RO          327    i.SVC_Handler       stm32f10x_it.o
    0x08002366   0x00000008   Code   RO         3968    i.SetSysClock       system_stm32f10x.o
    0x0800236e   0x00000002   PAD
    0x08002370   0x000000e0   Code   RO         3969    i.SetSysClockTo56   system_stm32f10x.o
    0x08002450   0x000000ac   Code   RO         4009    i.ShowNum           main.o
    0x080024fc   0x00000002   Code   RO          328    i.SysTick_Handler   stm32f10x_it.o
    0x080024fe   0x00000002   PAD
    0x08002500   0x00000060   Code   RO         3971    i.SystemInit        system_stm32f10x.o
    0x08002560   0x00000218   Code   RO          329    i.TIM3_IRQHandler   stm32f10x_it.o
    0x08002778   0x00000006   Code   RO         3190    i.TIM_ClearFlag     stm32f10x_tim.o
    0x0800277e   0x00000006   Code   RO         3191    i.TIM_ClearITPendingBit  stm32f10x_tim.o
    0x08002784   0x00000018   Code   RO         3196    i.TIM_Cmd           stm32f10x_tim.o
    0x0800279c   0x00000022   Code   RO         3217    i.TIM_GetITStatus   stm32f10x_tim.o
    0x080027be   0x00000012   Code   RO         3221    i.TIM_ITConfig      stm32f10x_tim.o
    0x080027d0   0x000000a4   Code   RO         3267    i.TIM_TimeBaseInit  stm32f10x_tim.o
    0x08002874   0x000000b8   Code   RO          414    i.TM_Test           detect_adc.o
    0x0800292c   0x00000018   Code   RO          448    i.TPH_Column        tpg.o
    0x08002944   0x00000064   Code   RO          449    i.TPH_Esc           tpg.o
    0x080029a8   0x0000008c   Code   RO          450    i.TPH_Loop1         tpg.o
    0x08002a34   0x00000090   Code   RO          451    i.TPH_Loop2         tpg.o
    0x08002ac4   0x0000008c   Code   RO          452    i.TPH_Loop3         tpg.o
    0x08002b50   0x00000048   Code   RO          454    i.TPH_Print1        tpg.o
    0x08002b98   0x000000a8   Code   RO          455    i.TPH_PrintChar     tpg.o
    0x08002c40   0x00000014   Code   RO          456    i.TPH_PrintNum      tpg.o
    0x08002c54   0x00000134   Code   RO          457    i.TPH_PrintString   tpg.o
    0x08002d88   0x00000074   Code   RO          459    i.TPH_Printinit     tpg.o
    0x08002dfc   0x00000018   Code   RO          461    i.TPH_Space         tpg.o
    0x08002e14   0x0000003c   Code   RO          462    i.TPH_WR_Byte       tpg.o
    0x08002e50   0x00000044   Code   RO          266    i.Timer3Init        hardware_init.o
    0x08002e94   0x00000030   Code   RO          330    i.USART1_IRQHandler  stm32f10x_it.o
    0x08002ec4   0x00000030   Code   RO          331    i.USART3_IRQHandler  stm32f10x_it.o
    0x08002ef4   0x0000001e   Code   RO         3732    i.USART_ClearITPendingBit  stm32f10x_usart.o
    0x08002f12   0x00000054   Code   RO         3739    i.USART_GetITStatus  stm32f10x_usart.o
    0x08002f66   0x0000000a   Code   RO         3749    i.USART_ReceiveData  stm32f10x_usart.o
    0x08002f70   0x00000008   Code   RO         3752    i.USART_SendData    stm32f10x_usart.o
    0x08002f78   0x00000014   Code   RO            1    i.UpStart           start.o
    0x08002f8c   0x00000068   Code   RO            2    i.UpStart_Init      start.o
    0x08002ff4   0x00000060   Code   RO            3    i.UpUSART_Num       start.o
    0x08003054   0x00000004   Code   RO          332    i.UsageFault_Handler  stm32f10x_it.o
    0x08003058   0x000000a0   Code   RO          415    i.VH_Test           detect_adc.o
    0x080030f8   0x00000048   Code   RO          710    i.ZK_command        zk.o
    0x08003140   0x000000aa   Code   RO         4098    i.__kernel_poly     m_ws.l(poly.o)
    0x080031ea   0x00000002   PAD
    0x080031ec   0x00000010   Code   RO         4084    i.__mathlib_dbl_divzero  m_ws.l(dunder.o)
    0x080031fc   0x00000006   Code   RO         4085    i.__mathlib_dbl_infnan  m_ws.l(dunder.o)
    0x08003202   0x0000000c   Code   RO         4087    i.__mathlib_dbl_invalid  m_ws.l(dunder.o)
    0x0800320e   0x0000000e   Code   RO         4147    i.__scatterload_copy  mc_w.l(handlers.o)
    0x0800321c   0x00000002   Code   RO         4148    i.__scatterload_null  mc_w.l(handlers.o)
    0x0800321e   0x0000000e   Code   RO         4149    i.__scatterload_zeroinit  mc_w.l(handlers.o)
    0x0800322c   0x0000000c   Code   RO         4119    i.__set_errno       mc_w.l(errno.o)
    0x08003238   0x00000040   Code   RO          711    i.get_data_from_ROM  zk.o
    0x08003278   0x00000058   Code   RO          712    i.get_n_bytes_data_from_ROM  zk.o
    0x080032d0   0x0000035c   Code   RO         4044    i.log               m_ws.l(log.o)
    0x0800362c   0x000003f8   Code   RO         4010    i.main              main.o
    0x08003a24   0x00000016   Code   RO          575    i.mypow             oled.o
    0x08003a3a   0x00000016   Code   RO         4011    i.num_pow           main.o
    0x08003a50   0x00001800   Data   RO          463    .constdata          tpg.o
    0x08005250   0x000084e4   Data   RO          576    .constdata          oled.o
    0x0800d734   0x00000004   PAD
    0x0800d738   0x00000038   Data   RO         4045    .constdata          m_ws.l(log.o)
    0x0800d770   0x00000008   Data   RO         4100    .constdata          m_ws.l(qnan.o)
    0x0800d778   0x000000b9   Data   RO         4014    .conststring        main.o
    0x0800d831   0x00000003   PAD
    0x0800d834   0x00000020   Data   RO         4145    Region$$Table       anon$$obj.o


    Execution Region RW_IRAM1 (Base: 0x20000000, Size: 0x00000600, Max: 0x00005000, ABSOLUTE)

    Base Addr    Size         Type   Attr      Idx    E Section Name        Object

    0x20000000   0x0000000b   Data   RW            5    .data               start.o
    0x2000000b   0x00000001   PAD
    0x2000000c   0x00000009   Data   RW          188    .data               moto.o
    0x20000015   0x00000001   Data   RW          268    .data               hardware_init.o
    0x20000016   0x00000002   PAD
    0x20000018   0x00000012   Data   RW          334    .data               stm32f10x_it.o
    0x2000002a   0x00000004   Data   RW          418    .data               detect_adc.o
    0x2000002e   0x0000000d   Data   RW          464    .data               tpg.o
    0x2000003b   0x00000001   PAD
    0x2000003c   0x00000008   Data   RW          812    .data               cap.o
    0x20000044   0x00000008   Data   RW         4015    .data               main.o
    0x2000004c   0x00000004   Data   RW         4120    .data               mc_w.l(errno.o)
    0x20000050   0x0000002c   Zero   RW            4    .bss                start.o
    0x2000007c   0x0000000c   Zero   RW          416    .bss                detect_adc.o
    0x20000088   0x00000082   Zero   RW          713    .bss                zk.o
    0x2000010a   0x000000f0   Zero   RW         4012    .bss                main.o
    0x200001fa   0x00000006   PAD
    0x20000200   0x00000400   Zero   RW         4002    STACK               startup_stm32f10x_xl.o


==============================================================================

Image component sizes


      Code (inc. data)   RO Data    RW Data    ZI Data      Debug   Object Name

       180         10          0          0          0       1045   beep_led.o
       484         60          0          8          0       2537   cap.o
         0          0          0          0          0         32   core_cm3.o
        48          0          0          0          0        974   delay.o
       508         76          0          4         12       2740   detect_adc.o
      1176         60          0          1          0       4155   hardware_init.o
      1210        258        185          8        240       3532   main.o
       132         22          0          0          0       3151   misc.o
       676         66          0          9          0       3012   moto.o
       766         24      34020          0          0       6544   oled.o
       392         64          0          0          0        955   oled_print.o
       220         46          0         11         44     260377   start.o
        36          8        304          0       1024        796   startup_stm32f10x_xl.o
       390         10          0          0          0      16197   stm32f10x_adc.o
       416          8          0          0          0      13182   stm32f10x_dma.o
       458          6          0          0          0      13266   stm32f10x_gpio.o
       658         92          0         18          0       6550   stm32f10x_it.o
       540         84          0          0          0      19017   stm32f10x_rcc.o
       252         42          0          0          0      24294   stm32f10x_tim.o
       132          0          0          0          0       9831   stm32f10x_usart.o
       328         28          0          0          0       1897   system_stm32f10x.o
      1316        162       6144         13          0       8206   tpg.o
      1108         74          0          0        130       6081   zk.o

    ----------------------------------------------------------------------
     11448       1200      40692         76       1456     408371   Object Totals
         0          0         32          0          0          0   (incl. Generated)
        22          0          7          4          6          0   (incl. Padding)

    ----------------------------------------------------------------------

      Code (inc. data)   RO Data    RW Data    ZI Data      Debug   Library Member Name

        34          4          0          0          0        204   dunder.o
       860         52         56          0          0        256   log.o
       170          0          0          0          0         96   poly.o
         0          0          8          0          0          0   qnan.o
         0          0          0          0          0          0   entry.o
         0          0          0          0          0          0   entry10a.o
         0          0          0          0          0          0   entry11a.o
         8          4          0          0          0          0   entry2.o
         4          0          0          0          0          0   entry5.o
         0          0          0          0          0          0   entry7b.o
         0          0          0          0          0          0   entry8b.o
         8          4          0          0          0          0   entry9a.o
        12          6          0          4          0         68   errno.o
        30          0          0          0          0          0   handlers.o
        36          8          0          0          0         68   init.o
         0          0          0          0          0          0   iusefp.o
        30          0          0          0          0         68   llshl.o
        36          0          0          0          0         68   llsshr.o
        32          0          0          0          0         68   llushr.o
        36          0          0          0          0        108   memseta.o
        18          0          0          0          0         68   strcpy.o
        14          0          0          0          0         68   strlen.o
        48          0          0          0          0         68   cdcmple.o
        20          0          0          0          0         68   cfcmple.o
        20          0          0          0          0         68   cfrcmple.o
        56          0          0          0          0         88   d2f.o
       334          0          0          0          0        148   dadd.o
       222          0          0          0          0        100   ddiv.o
       186          0          0          0          0        176   depilogue.o
        50          0          0          0          0         76   dfixui.o
        34          0          0          0          0         76   dflti.o
       228          0          0          0          0         96   dmul.o
        46          0          0          0          0         80   dscalb.o
        38          0          0          0          0         68   f2d.o
       176          0          0          0          0        140   fadd.o
       124          0          0          0          0         88   fdiv.o
       110          0          0          0          0        168   fepilogue.o
        40          0          0          0          0         68   ffixui.o
        10          0          0          0          0         68   ffltui.o
       100          0          0          0          0         76   fmul.o

    ----------------------------------------------------------------------
      3176         78         64          4          0       2860   Library Totals
         6          0          0          0          0          0   (incl. Padding)

    ----------------------------------------------------------------------

      Code (inc. data)   RO Data    RW Data    ZI Data      Debug   Library Name

      1064         56         64          0          0        556   m_ws.l
       264         22          0          4          0        584   mc_w.l
      1842          0          0          0          0       1720   mf_w.l

    ----------------------------------------------------------------------
      3176         78         64          4          0       2860   Library Totals

    ----------------------------------------------------------------------

==============================================================================


      Code (inc. data)   RO Data    RW Data    ZI Data      Debug   

     14624       1278      40756         80       1456     404051   Grand Totals
     14624       1278      40756         80       1456     404051   ELF Image Totals
     14624       1278      40756         80          0          0   ROM Totals

==============================================================================

    Total RO  Size (Code + RO Data)                55380 (  54.08kB)
    Total RW  Size (RW Data + ZI Data)              1536 (   1.50kB)
    Total ROM Size (Code + RO Data + RW Data)      55460 (  54.16kB)

==============================================================================

