<html>
<body>
<pre>
<h1>礦ision Build Log</h1>
<h2>Tool Versions:</h2>
IDE-Version: μVision V5.14.0.0
Copyright (C) 2015 ARM Ltd and ARM Germany GmbH. All rights reserved.
License Information: lzh lzh, 666, LIC=KRMW3-ACR1K-TGZ7T-RDMGF-LB2KA-C0EDN
 
Tool Versions:
Toolchain:       MDK-ARM Standard  Version: 5.14.0.0
Toolchain Path:  D:\keil\ARM\ARMCC\Bin
C Compiler:      Armcc.exe V5.05 update 1 (build 106)
Assembler:       Armasm.exe V5.05 update 1 (build 106)
Linker/Locator:  ArmLink.exe V5.05 update 1 (build 106)
Library Manager: ArmAr.exe V5.05 update 1 (build 106)
Hex Converter:   FromElf.exe V5.05 update 1 (build 106)
CPU DLL:         SARMCM3.DLL V5.14.0.0
Dialog DLL:      DCM.DLL V1.13.1.0
Target DLL:      CMSIS_AGDI.dll V1.21.0.0
Dialog DLL:      TCM.DLL V1.14.4.0
 
<h2>Project:</h2>
C:\Users\lzh\Desktop\寄客户（不带屏幕）\2017_4_AG03\USER\2RTest.uvprojx
Project File Date:  09/12/2024

<h2>Output:</h2>
Rebuild target 'Targets'
compiling Start.c...
compiling UsartPrintf.c...
compiling MOTO.c...
compiling Delay.c...
compiling Hardware_Init.c...
compiling stm32f10x_it.c...
compiling Detect_ADC.c...
compiling TPG.c...
compiling OLED.c...
compiling BEEP_LED.c...
compiling zk.c...
compiling OLED_Print.c...
compiling Cap.c...
compiling core_cm3.c...
compiling misc.c...
compiling stm32f10x_adc.c...
compiling stm32f10x_bkp.c...
compiling stm32f10x_can.c...
compiling stm32f10x_cec.c...
compiling stm32f10x_crc.c...
compiling stm32f10x_dac.c...
compiling stm32f10x_dbgmcu.c...
compiling stm32f10x_dma.c...
compiling stm32f10x_exti.c...
compiling stm32f10x_flash.c...
compiling stm32f10x_fsmc.c...
compiling stm32f10x_gpio.c...
compiling stm32f10x_i2c.c...
compiling stm32f10x_iwdg.c...
compiling stm32f10x_pwr.c...
compiling stm32f10x_rcc.c...
compiling stm32f10x_rtc.c...
compiling stm32f10x_sdio.c...
compiling stm32f10x_spi.c...
compiling stm32f10x_tim.c...
compiling stm32f10x_usart.c...
compiling stm32f10x_wwdg.c...
compiling system_stm32f10x.c...
assembling startup_stm32f10x_xl.s...
compiling main.c...
linking...
Program Size: Code=14624 RO-data=40756 RW-data=80 ZI-data=1456  
FromELF: creating hex file...
"..\OBJ\2RTest.axf" - 0 Error(s), 0 Warning(s).

<h2>Collection of Component include folders:</h2>
  C:\Users\lzh\Desktop\寄客户（不带屏幕）\2017_4_AG03\USER\RTE
  D:\keil\ARM\PACK\GigaDevice\GD32F10x_DFP\2.0.2\Device\Include

<h2>Collection of Component Files used:</h2>
</pre>
</body>
</html>
